Component: ARM Compiler 5.05 update 2 (build 169) Tool: armlink [4d0f33]

==============================================================================

Section Cross References

    main.o(i.ESP8266_task) refers to strstr.o(.text) for strstr
    main.o(i.ESP8266_task) refers to delay.o(i.delay_xms) for delay_xms
    main.o(i.ESP8266_task) refers to __2printf.o(.text) for __2printf
    main.o(i.ESP8266_task) refers to event_groups.o(i.xEventGroupSetBits) for xEventGroupSetBits
    main.o(i.ESP8266_task) refers to rt_memclr.o(.text) for __aeabi_memclr
    main.o(i.ESP8266_task) refers to tasks.o(i.vTaskDelay) for vTaskDelay
    main.o(i.ESP8266_task) refers to usart3.o(.data) for USART3_RX_STA
    main.o(i.ESP8266_task) refers to usart3.o(.bss) for USART3_RX_BUF
    main.o(i.ESP8266_task) refers to main.o(.data) for EventGroupHandler
    main.o(i.LCD_task) refers to lcd.o(i.GET_NUM) for GET_NUM
    main.o(i.LCD_task) refers to delay.o(i.delay_xms) for delay_xms
    main.o(i.LCD_task) refers to __2printf.o(.text) for __2printf
    main.o(i.LCD_task) refers to lcd.o(i.LCD_ShowString) for LCD_ShowString
    main.o(i.LCD_task) refers to event_groups.o(i.xEventGroupSetBits) for xEventGroupSetBits
    main.o(i.LCD_task) refers to tasks.o(i.vTaskSuspend) for vTaskSuspend
    main.o(i.LCD_task) refers to tasks.o(i.vTaskDelay) for vTaskDelay
    main.o(i.LCD_task) refers to main.o(.data) for EventGroupHandler
    main.o(i.RFID_task) refers to rc522.o(i.RC522_Handel) for RC522_Handel
    main.o(i.RFID_task) refers to delay.o(i.delay_xms) for delay_xms
    main.o(i.RFID_task) refers to event_groups.o(i.xEventGroupSetBits) for xEventGroupSetBits
    main.o(i.RFID_task) refers to __2printf.o(.text) for __2printf
    main.o(i.RFID_task) refers to tasks.o(i.vTaskSuspend) for vTaskSuspend
    main.o(i.RFID_task) refers to lcd.o(i.LCD_ShowString) for LCD_ShowString
    main.o(i.RFID_task) refers to tasks.o(i.vTaskDelay) for vTaskDelay
    main.o(i.RFID_task) refers to main.o(.data) for EventGroupHandler
    main.o(i.SG90_task) refers to event_groups.o(i.xEventGroupWaitBits) for xEventGroupWaitBits
    main.o(i.SG90_task) refers to __2printf.o(.text) for __2printf
    main.o(i.SG90_task) refers to pwm.o(i.set_Angle) for set_Angle
    main.o(i.SG90_task) refers to delay.o(i.delay_xms) for delay_xms
    main.o(i.SG90_task) refers to lcd.o(i.LCD_ShowString) for LCD_ShowString
    main.o(i.SG90_task) refers to tasks.o(i.vTaskDelay) for vTaskDelay
    main.o(i.SG90_task) refers to main.o(.data) for EventGroupHandler
    main.o(i.main) refers to misc.o(i.NVIC_PriorityGroupConfig) for NVIC_PriorityGroupConfig
    main.o(i.main) refers to delay.o(i.delay_init) for delay_init
    main.o(i.main) refers to usart.o(i.uart_init) for uart_init
    main.o(i.main) refers to usart3.o(i.usart3_init) for usart3_init
    main.o(i.main) refers to led.o(i.LED_Init) for LED_Init
    main.o(i.main) refers to key.o(i.KEY_Init) for KEY_Init
    main.o(i.main) refers to pwm.o(i.TIM2_PWM_Init) for TIM2_PWM_Init
    main.o(i.main) refers to pwm.o(i.set_Angle) for set_Angle
    main.o(i.main) refers to lcd.o(i.LCD_Init) for LCD_Init
    main.o(i.main) refers to rc522.o(i.RC522_Init) for RC522_Init
    main.o(i.main) refers to beep.o(i.BEEP_Init) for BEEP_Init
    main.o(i.main) refers to esp8266.o(i.esp8266_start_trans) for esp8266_start_trans
    main.o(i.main) refers to lcd.o(i.LCD_ShowString) for LCD_ShowString
    main.o(i.main) refers to key.o(i.KEY_Scan) for KEY_Scan
    main.o(i.main) refers to lcd.o(i.LCD_Clear) for LCD_Clear
    main.o(i.main) refers to touch.o(i.TP_Adjust) for TP_Adjust
    main.o(i.main) refers to touch.o(i.TP_Save_Adjdata) for TP_Save_Adjdata
    main.o(i.main) refers to lcd.o(i.AS608_load_keyboard) for AS608_load_keyboard
    main.o(i.main) refers to tasks.o(i.xTaskCreate) for xTaskCreate
    main.o(i.main) refers to tasks.o(i.vTaskStartScheduler) for vTaskStartScheduler
    main.o(i.main) refers to touch.o(.data) for tp_dev
    main.o(i.main) refers to lcd.o(.data) for POINT_COLOR
    main.o(i.main) refers to main.o(.data) for key
    main.o(i.main) refers to main.o(i.start_task) for start_task
    main.o(i.start_task) refers to port.o(i.vPortEnterCritical) for vPortEnterCritical
    main.o(i.start_task) refers to event_groups.o(i.xEventGroupCreate) for xEventGroupCreate
    main.o(i.start_task) refers to __2printf.o(.text) for __2printf
    main.o(i.start_task) refers to tasks.o(i.xTaskCreate) for xTaskCreate
    main.o(i.start_task) refers to tasks.o(i.vTaskDelete) for vTaskDelete
    main.o(i.start_task) refers to port.o(i.vPortExitCritical) for vPortExitCritical
    main.o(i.start_task) refers to main.o(.data) for EventGroupHandler
    main.o(i.start_task) refers to main.o(i.SG90_task) for SG90_task
    main.o(i.start_task) refers to main.o(i.LCD_task) for LCD_task
    main.o(i.start_task) refers to main.o(i.RFID_task) for RFID_task
    main.o(i.start_task) refers to main.o(i.ESP8266_task) for ESP8266_task
[...]
    SDIO_ClearFlag                           0x08008769   Thumb Code     6  stm32f10x_sdio.o(i.SDIO_ClearFlag)
    SDIO_GetFlagStatus                       0x08008775   Thumb Code    20  stm32f10x_sdio.o(i.SDIO_GetFlagStatus)
    SDIO_IRQHandler                          0x0800878d   Thumb Code     8  sdio_sdcard.o(i.SDIO_IRQHandler)
    SDIO_SendCommand                         0x08008795   Thumb Code    38  stm32f10x_sdio.o(i.SDIO_SendCommand)
    SD_ProcessIRQSrc                         0x080087c1   Thumb Code   296  sdio_sdcard.o(i.SD_ProcessIRQSrc)
    SG90_task                                0x080088fd   Thumb Code    88  main.o(i.SG90_task)
    SPI1_Init                                0x08008985   Thumb Code   152  rc522.o(i.SPI1_Init)
    SPI2_ReadWriteByte                       0x08008a25   Thumb Code    78  spi.o(i.SPI2_ReadWriteByte)
    SPI_I2S_GetFlagStatus                    0x08008a79   Thumb Code    18  stm32f10x_spi.o(i.SPI_I2S_GetFlagStatus)
    SPI_I2S_ReceiveData                      0x08008a8b   Thumb Code     6  stm32f10x_spi.o(i.SPI_I2S_ReceiveData)
    SPI_I2S_SendData                         0x08008a91   Thumb Code     4  stm32f10x_spi.o(i.SPI_I2S_SendData)
    SPI_RC522_ReadByte                       0x08008a95   Thumb Code    78  rc522.o(i.SPI_RC522_ReadByte)
    SPI_RC522_SendByte                       0x08008ae9   Thumb Code    88  rc522.o(i.SPI_RC522_SendByte)
    SetBitMask                               0x08008b45   Thumb Code    26  rc522.o(i.SetBitMask)
    ShowID                                   0x08008c49   Thumb Code   262  rc522.o(i.ShowID)
    Show_Font                                0x08008d99   Thumb Code   190  text.o(i.Show_Font)
    Show_Str                                 0x08008e61   Thumb Code   194  text.o(i.Show_Str)
    Show_Str_Mid                             0x08008f25   Thumb Code   106  text.o(i.Show_Str_Mid)
    SysTick_CLKSourceConfig                  0x08008f95   Thumb Code    40  misc.o(i.SysTick_CLKSourceConfig)
    SysTick_Handler                          0x08008fbd   Thumb Code    16  delay.o(i.SysTick_Handler)
    SystemInit                               0x08008fcd   Thumb Code    78  system_stm32f10x.o(i.SystemInit)
    TIM2_PWM_Init                            0x0800902d   Thumb Code   188  pwm.o(i.TIM2_PWM_Init)
    TIM4_IRQHandler                          0x080090ed   Thumb Code    46  usmart.o(i.TIM4_IRQHandler)
    TIM7_IRQHandler                          0x08009125   Thumb Code    42  timer.o(i.TIM7_IRQHandler)
    TIM7_Int_Init                            0x08009159   Thumb Code    90  timer.o(i.TIM7_Int_Init)
    TIM_ClearFlag                            0x080091b9   Thumb Code     6  stm32f10x_tim.o(i.TIM_ClearFlag)
    TIM_ClearITPendingBit                    0x080091bf   Thumb Code     6  stm32f10x_tim.o(i.TIM_ClearITPendingBit)
    TIM_Cmd                                  0x080091c5   Thumb Code    24  stm32f10x_tim.o(i.TIM_Cmd)
    TIM_GetCounter                           0x080091dd   Thumb Code     6  stm32f10x_tim.o(i.TIM_GetCounter)
    TIM_GetFlagStatus                        0x080091e3   Thumb Code    18  stm32f10x_tim.o(i.TIM_GetFlagStatus)
    TIM_GetITStatus                          0x080091f5   Thumb Code    34  stm32f10x_tim.o(i.TIM_GetITStatus)
    TIM_ITConfig                             0x08009217   Thumb Code    18  stm32f10x_tim.o(i.TIM_ITConfig)
    TIM_OC1Init                              0x08009229   Thumb Code   132  stm32f10x_tim.o(i.TIM_OC1Init)
    TIM_OC1PreloadConfig                     0x080092c1   Thumb Code    18  stm32f10x_tim.o(i.TIM_OC1PreloadConfig)
    TIM_OC2Init                              0x080092d5   Thumb Code   154  stm32f10x_tim.o(i.TIM_OC2Init)
    TIM_OC2PreloadConfig                     0x08009379   Thumb Code    26  stm32f10x_tim.o(i.TIM_OC2PreloadConfig)
    TIM_OC3Init                              0x08009395   Thumb Code   150  stm32f10x_tim.o(i.TIM_OC3Init)
    TIM_OC3PreloadConfig                     0x08009435   Thumb Code    18  stm32f10x_tim.o(i.TIM_OC3PreloadConfig)
    TIM_OC4Init                              0x08009449   Thumb Code   114  stm32f10x_tim.o(i.TIM_OC4Init)
    TIM_OC4PreloadConfig                     0x080094c5   Thumb Code    26  stm32f10x_tim.o(i.TIM_OC4PreloadConfig)
    TIM_SetAutoreload                        0x080094df   Thumb Code     4  stm32f10x_tim.o(i.TIM_SetAutoreload)
    TIM_SetCompare1                          0x080094e3   Thumb Code     4  stm32f10x_tim.o(i.TIM_SetCompare1)
    TIM_SetCounter                           0x080094e7   Thumb Code     4  stm32f10x_tim.o(i.TIM_SetCounter)
    TIM_TimeBaseInit                         0x080094ed   Thumb Code   122  stm32f10x_tim.o(i.TIM_TimeBaseInit)
    TP_Adj_Info_Show                         0x08009591   Thumb Code   374  touch.o(i.TP_Adj_Info_Show)
    TP_Adjust                                0x08009739   Thumb Code  2058  touch.o(i.TP_Adjust)
    TP_Drow_Touch_Point                      0x08009f95   Thumb Code   108  touch.o(i.TP_Drow_Touch_Point)
    TP_Get_Adjdata                           0x0800a005   Thumb Code    68  touch.o(i.TP_Get_Adjdata)
    TP_Init                                  0x0800a055   Thumb Code   330  touch.o(i.TP_Init)
    TP_Read_AD                               0x0800a1bd   Thumb Code   132  touch.o(i.TP_Read_AD)
    TP_Read_XOY                              0x0800a251   Thumb Code   120  touch.o(i.TP_Read_XOY)
    TP_Read_XY                               0x0800a2c9   Thumb Code    38  touch.o(i.TP_Read_XY)
    TP_Read_XY2                              0x0800a2f9   Thumb Code   192  touch.o(i.TP_Read_XY2)
    TP_Save_Adjdata                          0x0800a3b9   Thumb Code    22  touch.o(i.TP_Save_Adjdata)
    TP_Scan                                  0x0800a3d5   Thumb Code   262  touch.o(i.TP_Scan)
    TP_Write_Byte                            0x0800a4e5   Thumb Code    64  touch.o(i.TP_Write_Byte)
    Timer4_Init                              0x0800a531   Thumb Code    88  usmart.o(i.Timer4_Init)
    USART1_IRQHandler                        0x0800a58d   Thumb Code   122  usart.o(i.USART1_IRQHandler)
    USART3_IRQHandler                        0x0800a615   Thumb Code    94  usart3.o(i.USART3_IRQHandler)
    USART_Cmd                                0x0800a685   Thumb Code    24  stm32f10x_usart.o(i.USART_Cmd)
    USART_DeInit                             0x0800a69d   Thumb Code   134  stm32f10x_usart.o(i.USART_DeInit)
    USART_GetFlagStatus                      0x0800a739   Thumb Code    26  stm32f10x_usart.o(i.USART_GetFlagStatus)
    USART_GetITStatus                        0x0800a753   Thumb Code    84  stm32f10x_usart.o(i.USART_GetITStatus)
    USART_ITConfig                           0x0800a7a7   Thumb Code    74  stm32f10x_usart.o(i.USART_ITConfig)
    USART_Init                               0x0800a7f1   Thumb Code   210  stm32f10x_usart.o(i.USART_Init)
    USART_ReceiveData                        0x0800a8c9   Thumb Code    10  stm32f10x_usart.o(i.USART_ReceiveData)
    USART_SendData                           0x0800a8d3   Thumb Code     8  stm32f10x_usart.o(i.USART_SendData)
    UsageFault_Handler                       0x0800a8db   Thumb Code     4  stm32f10x_it.o(i.UsageFault_Handler)
    W25QXX_Read                              0x0800a8e1   Thumb Code    74  w25qxx.o(i.W25QXX_Read)
    WriteRawRC                               0x0800a931   Thumb Code    46  rc522.o(i.WriteRawRC)
    __ARM_fpclassify                         0x0800a965   Thumb Code    40  fpclassify.o(i.__ARM_fpclassify)
    _is_digit                                0x0800a98d   Thumb Code    14  __printf_wp.o(i._is_digit)
    _sys_exit                                0x0800a99b   Thumb Code     4  usart.o(i._sys_exit)
    delay_init                               0x0800a9a1   Thumb Code    58  delay.o(i.delay_init)
    delay_ms                                 0x0800a9e5   Thumb Code    60  delay.o(i.delay_ms)
    delay_us                                 0x0800aa25   Thumb Code    68  delay.o(i.delay_us)
    delay_xms                                0x0800aa6d   Thumb Code    24  delay.o(i.delay_xms)
    esp8266_check_cmd                        0x0800aa85   Thumb Code    44  esp8266.o(i.esp8266_check_cmd)
    esp8266_send_cmd                         0x0800aab9   Thumb Code    92  esp8266.o(i.esp8266_send_cmd)
    esp8266_start_trans                      0x0800ab2d   Thumb Code    98  esp8266.o(i.esp8266_start_trans)
    fputc                                    0x0800ac19   Thumb Code    24  usart.o(i.fputc)
    main                                     0x0800ac35   Thumb Code   228  main.o(i.main)
    pvPortMalloc                             0x0800b879   Thumb Code   262  heap_4.o(i.pvPortMalloc)
    pvTaskIncrementMutexHeldCount            0x0800b9cd   Thumb Code    26  tasks.o(i.pvTaskIncrementMutexHeldCount)
    pxPortInitialiseStack                    0x0800b9ed   Thumb Code    30  port.o(i.pxPortInitialiseStack)
    read_addr                                0x0800ba11   Thumb Code     6  usmart.o(i.read_addr)
    set_Angle                                0x0800ba19   Thumb Code    78  pwm.o(i.set_Angle)
    sqrt                                     0x0800ba75   Thumb Code    76  sqrt.o(i.sqrt)
    start_task                               0x0800bac1   Thumb Code   176  main.o(i.start_task)
    u3_printf                                0x0800bc69   Thumb Code    72  usart3.o(i.u3_printf)
    uart_init                                0x0800bcb9   Thumb Code   154  usart.o(i.uart_init)
    usart3_init                              0x0800bd5d   Thumb Code   192  usart3.o(i.usart3_init)
    usmart_cmd_rec                           0x0800be2d   Thumb Code   170  usmart.o(i.usmart_cmd_rec)
    usmart_exe                               0x0800bedd   Thumb Code   632  usmart.o(i.usmart_exe)
    usmart_get_aparm                         0x0800c1b1   Thumb Code   200  usmart_str.o(i.usmart_get_aparm)
    usmart_get_cmdname                       0x0800c279   Thumb Code    54  usmart_str.o(i.usmart_get_cmdname)
    usmart_get_fname                         0x0800c2b1   Thumb Code   440  usmart_str.o(i.usmart_get_fname)
    usmart_get_fparam                        0x0800c471   Thumb Code   262  usmart_str.o(i.usmart_get_fparam)
    usmart_get_parmpos                       0x0800c57d   Thumb Code    26  usmart_str.o(i.usmart_get_parmpos)
    usmart_get_runtime                       0x0800c59d   Thumb Code    60  usmart.o(i.usmart_get_runtime)
    usmart_init                              0x0800c5e1   Thumb Code    36  usmart.o(i.usmart_init)
    usmart_pow                               0x0800c609   Thumb Code    22  usmart_str.o(i.usmart_pow)
    usmart_reset_runtime                     0x0800c621   Thumb Code    38  usmart.o(i.usmart_reset_runtime)
    usmart_scan                              0x0800c651   Thumb Code   120  usmart.o(i.usmart_scan)
    usmart_search_nextc                      0x0800c70d   Thumb Code    22  usmart_str.o(i.usmart_search_nextc)
    usmart_str2num                           0x0800c723   Thumb Code   202  usmart_str.o(i.usmart_str2num)
    usmart_strcmp                            0x0800c7ed   Thumb Code    34  usmart_str.o(i.usmart_strcmp)
    usmart_strcopy                           0x0800c80f   Thumb Code    22  usmart_str.o(i.usmart_strcopy)
    usmart_strlen                            0x0800c825   Thumb Code    24  usmart_str.o(i.usmart_strlen)
    usmart_sys_cmd_exe                       0x0800c83d   Thumb Code  1554  usmart.o(i.usmart_sys_cmd_exe)
    uxListRemove                             0x0800cf21   Thumb Code    40  list.o(i.uxListRemove)
    uxTaskResetEventItemValue                0x0800cf49   Thumb Code    24  tasks.o(i.uxTaskResetEventItemValue)
    vEventGroupSetBitsCallback               0x0800cf65   Thumb Code    16  event_groups.o(i.vEventGroupSetBitsCallback)
    vListInitialise                          0x0800cf75   Thumb Code    26  list.o(i.vListInitialise)
    vListInitialiseItem                      0x0800cf8f   Thumb Code     6  list.o(i.vListInitialiseItem)
    vListInsert                              0x0800cf95   Thumb Code    52  list.o(i.vListInsert)
    vListInsertEnd                           0x0800cfc9   Thumb Code    24  list.o(i.vListInsertEnd)
    vPortEnterCritical                       0x0800cfe1   Thumb Code    68  port.o(i.vPortEnterCritical)
    vPortExitCritical                        0x0800d069   Thumb Code    48  port.o(i.vPortExitCritical)
    vPortFree                                0x0800d0d9   Thumb Code   120  heap_4.o(i.vPortFree)
    vPortSetupTimerInterrupt                 0x0800d191   Thumb Code    26  port.o(i.vPortSetupTimerInterrupt)
    vPortValidateInterruptPriority           0x0800d1b1   Thumb Code    86  port.o(i.vPortValidateInterruptPriority)
    vQueueAddToRegistry                      0x0800d251   Thumb Code    38  queue.o(i.vQueueAddToRegistry)
    vQueueWaitForMessageRestricted           0x0800d27d   Thumb Code    74  queue.o(i.vQueueWaitForMessageRestricted)
    vTaskDelay                               0x0800d2c9   Thumb Code    72  tasks.o(i.vTaskDelay)
    vTaskDelete                              0x0800d33d   Thumb Code   192  tasks.o(i.vTaskDelete)
    vTaskMissedYield                         0x0800d449   Thumb Code     8  tasks.o(i.vTaskMissedYield)
    vTaskPlaceOnEventList                    0x0800d455   Thumb Code    42  tasks.o(i.vTaskPlaceOnEventList)
    vTaskPlaceOnEventListRestricted          0x0800d4a9   Thumb Code    50  tasks.o(i.vTaskPlaceOnEventListRestricted)
    vTaskPlaceOnUnorderedEventList           0x0800d505   Thumb Code    80  tasks.o(i.vTaskPlaceOnUnorderedEventList)
    vTaskPriorityInherit                     0x0800d581   Thumb Code   164  tasks.o(i.vTaskPriorityInherit)
    vTaskSetTimeOutState                     0x0800d631   Thumb Code    32  tasks.o(i.vTaskSetTimeOutState)
    vTaskStartScheduler                      0x0800d67d   Thumb Code   108  tasks.o(i.vTaskStartScheduler)
    vTaskSuspend                             0x0800d729   Thumb Code   186  tasks.o(i.vTaskSuspend)
    vTaskSuspendAll                          0x0800d829   Thumb Code    12  tasks.o(i.vTaskSuspendAll)
    vTaskSwitchContext                       0x0800d839   Thumb Code   110  tasks.o(i.vTaskSwitchContext)
    write_addr                               0x0800d8e1   Thumb Code     4  usmart.o(i.write_addr)
    xEventGroupCreate                        0x0800d8e5   Thumb Code    26  event_groups.o(i.xEventGroupCreate)
    xEventGroupSetBits                       0x0800d901   Thumb Code   186  event_groups.o(i.xEventGroupSetBits)
    xEventGroupSetBitsFromISR                0x0800d9e9   Thumb Code    30  event_groups.o(i.xEventGroupSetBitsFromISR)
    xEventGroupWaitBits                      0x0800da0d   Thumb Code   294  event_groups.o(i.xEventGroupWaitBits)
    xPortStartScheduler                      0x0800db65   Thumb Code   140  port.o(i.xPortStartScheduler)
    xPortSysTickHandler                      0x0800dc05   Thumb Code    46  port.o(i.xPortSysTickHandler)
    xQueueGenericCreate                      0x0800dc39   Thumb Code    78  queue.o(i.xQueueGenericCreate)
    xQueueGenericReceive                     0x0800dcad   Thumb Code   416  queue.o(i.xQueueGenericReceive)
    xQueueGenericReset                       0x0800de75   Thumb Code   136  queue.o(i.xQueueGenericReset)
    xQueueGenericSend                        0x0800df25   Thumb Code   412  queue.o(i.xQueueGenericSend)
    xQueueGenericSendFromISR                 0x0800e0e9   Thumb Code   234  queue.o(i.xQueueGenericSendFromISR)
    xTaskCheckForTimeOut                     0x0800e1f9   Thumb Code   116  tasks.o(i.xTaskCheckForTimeOut)
    xTaskCreate                              0x0800e299   Thumb Code    96  tasks.o(i.xTaskCreate)
    xTaskGetSchedulerState                   0x0800e2f9   Thumb Code    24  tasks.o(i.xTaskGetSchedulerState)
    xTaskGetTickCount                        0x0800e319   Thumb Code     6  tasks.o(i.xTaskGetTickCount)
    xTaskIncrementTick                       0x0800e325   Thumb Code   272  tasks.o(i.xTaskIncrementTick)
    xTaskPriorityDisinherit                  0x0800e485   Thumb Code   168  tasks.o(i.xTaskPriorityDisinherit)
    xTaskRemoveFromEventList                 0x0800e55d   Thumb Code   118  tasks.o(i.xTaskRemoveFromEventList)
    xTaskRemoveFromUnorderedEventList        0x0800e611   Thumb Code   134  tasks.o(i.xTaskRemoveFromUnorderedEventList)
    xTaskResumeAll                           0x0800e6d1   Thumb Code   214  tasks.o(i.xTaskResumeAll)
    xTimerCreateTimerTask                    0x0800e7f1   Thumb Code    56  timers.o(i.xTimerCreateTimerTask)
    xTimerGenericCommand                     0x0800e865   Thumb Code   118  timers.o(i.xTimerGenericCommand)
    xTimerPendFunctionCallFromISR            0x0800e909   Thumb Code    48  timers.o(i.xTimerPendFunctionCallFromISR)
    _get_lc_numeric                          0x0800e93d   Thumb Code    44  lc_numeric_c.o(locale$$code)
    _get_lc_ctype                            0x0800e969   Thumb Code    44  lc_ctype_c.o(locale$$code)
    __aeabi_dadd                             0x0800e995   Thumb Code     0  daddsub_clz.o(x$fpl$dadd)
    _dadd                                    0x0800e995   Thumb Code   332  daddsub_clz.o(x$fpl$dadd)
    __fpl_dcmp_Inf                           0x0800eae5   Thumb Code    24  dcmpi.o(x$fpl$dcmpinf)
    __aeabi_d2uiz                            0x0800eafd   Thumb Code     0  dfixu.o(x$fpl$dfixu)
    _dfixu                                   0x0800eafd   Thumb Code    90  dfixu.o(x$fpl$dfixu)
    __aeabi_i2d                              0x0800eb57   Thumb Code     0  dflt_clz.o(x$fpl$dflt)
    _dflt                                    0x0800eb57   Thumb Code    46  dflt_clz.o(x$fpl$dflt)
    __aeabi_ui2d                             0x0800eb85   Thumb Code     0  dflt_clz.o(x$fpl$dfltu)
    _dfltu                                   0x0800eb85   Thumb Code    38  dflt_clz.o(x$fpl$dfltu)
    __aeabi_cdcmple                          0x0800ebad   Thumb Code     0  dleqf.o(x$fpl$dleqf)
    _dcmple                                  0x0800ebad   Thumb Code   120  dleqf.o(x$fpl$dleqf)
    __fpl_dcmple_InfNaN                      0x0800ec0f   Thumb Code     0  dleqf.o(x$fpl$dleqf)
    __aeabi_dmul                             0x0800ec25   Thumb Code     0  dmul.o(x$fpl$dmul)
    _dmul                                    0x0800ec25   Thumb Code   332  dmul.o(x$fpl$dmul)
    __fpl_dnaninf                            0x0800ed79   Thumb Code   156  dnaninf.o(x$fpl$dnaninf)
    __fpl_dretinf                            0x0800ee15   Thumb Code    12  dretinf.o(x$fpl$dretinf)
    __aeabi_cdrcmple                         0x0800ee21   Thumb Code     0  drleqf.o(x$fpl$drleqf)
    _drcmple                                 0x0800ee21   Thumb Code   108  drleqf.o(x$fpl$drleqf)
    __aeabi_drsub                            0x0800ee8d   Thumb Code     0  daddsub_clz.o(x$fpl$drsb)
    _drsb                                    0x0800ee8d   Thumb Code    22  daddsub_clz.o(x$fpl$drsb)
    _dsqrt                                   0x0800eea5   Thumb Code   456  dsqrt_noumaal.o(x$fpl$dsqrt)
    __aeabi_dsub                             0x0800f071   Thumb Code     0  daddsub_clz.o(x$fpl$dsub)
    _dsub                                    0x0800f071   Thumb Code   464  daddsub_clz.o(x$fpl$dsub)
    __aeabi_f2d                              0x0800f245   Thumb Code     0  f2d.o(x$fpl$f2d)
    _f2d                                     0x0800f245   Thumb Code    86  f2d.o(x$fpl$f2d)
    __aeabi_fadd                             0x0800f29d   Thumb Code     0  faddsub_clz.o(x$fpl$fadd)
    _fadd                                    0x0800f29d   Thumb Code   196  faddsub_clz.o(x$fpl$fadd)
    __fpl_fcmp_Inf                           0x0800f361   Thumb Code    24  fcmpi.o(x$fpl$fcmpinf)
    __aeabi_fdiv                             0x0800f379   Thumb Code     0  fdiv.o(x$fpl$fdiv)
    _fdiv                                    0x0800f379   Thumb Code   384  fdiv.o(x$fpl$fdiv)
    __aeabi_f2iz                             0x0800f4fd   Thumb Code     0  ffix.o(x$fpl$ffix)
    _ffix                                    0x0800f4fd   Thumb Code    54  ffix.o(x$fpl$ffix)
    __aeabi_f2uiz                            0x0800f535   Thumb Code     0  ffixu.o(x$fpl$ffixu)
    _ffixu                                   0x0800f535   Thumb Code    62  ffixu.o(x$fpl$ffixu)
    __aeabi_i2f                              0x0800f575   Thumb Code     0  fflt_clz.o(x$fpl$fflt)
    _fflt                                    0x0800f575   Thumb Code    48  fflt_clz.o(x$fpl$fflt)
    __aeabi_ui2f                             0x0800f5a5   Thumb Code     0  fflt_clz.o(x$fpl$ffltu)
    _ffltu                                   0x0800f5a5   Thumb Code    38  fflt_clz.o(x$fpl$ffltu)
    __aeabi_cfcmple                          0x0800f5cd   Thumb Code     0  fleqf.o(x$fpl$fleqf)
    _fcmple                                  0x0800f5cd   Thumb Code   104  fleqf.o(x$fpl$fleqf)
    __fpl_fcmple_InfNaN                      0x0800f61f   Thumb Code     0  fleqf.o(x$fpl$fleqf)
    __aeabi_fmul                             0x0800f635   Thumb Code     0  fmul.o(x$fpl$fmul)
    _fmul                                    0x0800f635   Thumb Code   258  fmul.o(x$fpl$fmul)
    __fpl_fnaninf                            0x0800f737   Thumb Code   140  fnaninf.o(x$fpl$fnaninf)
    __fpl_fretinf                            0x0800f7c3   Thumb Code    10  fretinf.o(x$fpl$fretinf)
    __aeabi_cfrcmple                         0x0800f7cd   Thumb Code     0  frleqf.o(x$fpl$frleqf)
    _frcmple                                 0x0800f7cd   Thumb Code    98  frleqf.o(x$fpl$frleqf)
    __aeabi_fsub                             0x0800f831   Thumb Code     0  faddsub_clz.o(x$fpl$fsub)
    _fsub                                    0x0800f831   Thumb Code   234  faddsub_clz.o(x$fpl$fsub)
    _printf_fp_dec                           0x0800f91b   Thumb Code     4  printf1.o(x$fpl$printf1)
    FT5206_TPX_TBL                           0x0800f91e   Data          10  ft5206.o(.constdata)
    __I$use$fp                               0x0800f91e   Number         0  usenofp.o(x$fpl$usenofp)
    GT9147_CFG_TBL                           0x0800f928   Data         184  gt9147.o(.constdata)
    GT9147_TPX_TBL                           0x0800f9e0   Data          10  gt9147.o(.constdata)
    OTT_TPX_TBL                              0x0800f9ea   Data          10  ott2001a.o(.constdata)
    TP_REMIND_MSG_TBL                        0x0800f9f4   Data           4  touch.o(.constdata)
    asc2_1206                                0x0800f9f8   Data        1140  lcd.o(.constdata)
    asc2_1608                                0x0800fe6c   Data        1520  lcd.o(.constdata)
    asc2_2412                                0x0801045c   Data        3420  lcd.o(.constdata)
    Region$$Table$$Base                      0x080113b8   Number         0  anon$$obj.o(Region$$Table)
    Region$$Table$$Limit                     0x080113d8   Number         0  anon$$obj.o(Region$$Table)
    __ctype                                  0x08011401   Data           0  lc_ctype_c.o(locale$$data)
    StartTask_Handler                        0x20000000   Data           4  main.o(.data)
    SG90Task_Handler                         0x20000004   Data           4  main.o(.data)
    LCDTask_Handler                          0x20000008   Data           4  main.o(.data)
    RFIDTask_Handler                         0x2000000c   Data           4  main.o(.data)
    ESP8266Task_Handler                      0x20000010   Data           4  main.o(.data)
    EventGroupHandler                        0x20000014   Data           4  main.o(.data)
    kbd_menu                                 0x20000018   Data          60  main.o(.data)
    err                                      0x20000054   Data           1  main.o(.data)
    key                                      0x20000055   Data           1  main.o(.data)
    lcd_discolor                             0x20000058   Data          56  main.o(.data)
    SystemCoreClock                          0x20000090   Data           4  system_stm32f10x.o(.data)
    AHBPrescTable                            0x20000094   Data          16  system_stm32f10x.o(.data)
    tp_dev                                   0x200000a8   Data          52  touch.o(.data)
    CMD_RDX                                  0x200000dc   Data           1  touch.o(.data)
    CMD_RDY                                  0x200000dd   Data           1  touch.o(.data)
    TransferError                            0x200000ea   Data           1  sdio_sdcard.o(.data)
    TransferEnd                              0x200000eb   Data           1  sdio_sdcard.o(.data)
    tempbuff                                 0x200000ec   Data           4  sdio_sdcard.o(.data)
    POINT_COLOR                              0x200000f0   Data           2  lcd.o(.data)
    BACK_COLOR                               0x200000f2   Data           2  lcd.o(.data)
    kbd_tbl                                  0x200000f4   Data           4  lcd.o(.data)
    __stdout                                 0x20000100   Data           4  usart.o(.data)
    USART_RX_STA                             0x20000104   Data           2  usart.o(.data)
    pxCurrentTCB                             0x2000011c   Data           4  tasks.o(.data)
    CT                                       0x20000190   Data           2  rc522.o(.data)
    SN                                       0x20000192   Data           4  rc522.o(.data)
    lxl_bit                                  0x20000196   Data           1  rc522.o(.data)
    card1_bit                                0x20000197   Data           1  rc522.o(.data)
    card2_bit                                0x20000198   Data           1  rc522.o(.data)
    card3_bit                                0x20000199   Data           1  rc522.o(.data)
    card4_bit                                0x2000019a   Data           1  rc522.o(.data)
    total                                    0x2000019b   Data           1  rc522.o(.data)
    lxl                                      0x2000019c   Data           4  rc522.o(.data)
    card_1                                   0x200001a0   Data           4  rc522.o(.data)
    card_2                                   0x200001a4   Data           4  rc522.o(.data)
    card_3                                   0x200001a8   Data           4  rc522.o(.data)
    card_4                                   0x200001ac   Data           4  rc522.o(.data)
    KEY                                      0x200001b0   Data           6  rc522.o(.data)
    AUDIO_OPEN                               0x200001b6   Data           6  rc522.o(.data)
    RFID1                                    0x200001bc   Data          16  rc522.o(.data)
    status                                   0x200001cc   Data           1  rc522.o(.data)
    s                                        0x200001cd   Data           1  rc522.o(.data)
    ShowON                                   0x200001ce   Data           1  rc522.o(.data)
    snr                                      0x200001cf   Data           1  rc522.o(.data)
    TagType                                  0x200001d0   Data           2  rc522.o(.data)
    SelectedSnr                              0x200001d2   Data           4  rc522.o(.data)
    DefaultKey                               0x200001d6   Data           6  rc522.o(.data)
    a                                        0x200001dc   Data           4  rc522.o(.data)
    OK_status                                0x200001e0   Data           1  rc522.o(.data)
    USART3_RX_STA                            0x200001e2   Data           2  usart3.o(.data)
    sys_cmd_tab                              0x200001e4   Data          28  usmart.o(.data)
    usmart_nametab                           0x20000200   Data          16  usmart_config.o(.data)
    usmart_dev                               0x20000210   Data         244  usmart_config.o(.data)
    SDIO_InitStructure                       0x20000308   Data          24  sdio_sdcard.o(.bss)
    SDIO_CmdInitStructure                    0x20000320   Data          20  sdio_sdcard.o(.bss)
    SDIO_DataInitStructure                   0x20000334   Data          24  sdio_sdcard.o(.bss)
    SDCardInfo                               0x20000370   Data          88  sdio_sdcard.o(.bss)
    SDIO_DATA_BUFFER                         0x200003c8   Data         512  sdio_sdcard.o(.bss)
    lcddev                                   0x200005c8   Data          14  lcd.o(.bss)
    USART_RX_BUF                             0x200005d6   Data         200  usart.o(.bss)
    xQueueRegistry                           0x200006a0   Data          64  queue.o(.bss)
    RFID                                     0x200059ec   Data          16  rc522.o(.bss)
    ss                                       0x200059fc   Data         255  rc522.o(.bss)
    buf                                      0x20005afb   Data          16  rc522.o(.bss)
    buf1                                     0x20005b0b   Data          16  rc522.o(.bss)
    buf2                                     0x20005b1b   Data          16  rc522.o(.bss)
    USART3_RX_BUF                            0x20005b2b   Data         600  usart3.o(.bss)
    USART3_TX_BUF                            0x20005d83   Data         600  usart3.o(.bss)
    ftinfo                                   0x20005fdb   Data          33  fontupd.o(.bss)
    __libspace_start                         0x20005ffc   Data          96  libspace.o(.bss)
    __temporary_stack_top$libspace           0x2000605c   Data           0  libspace.o(.bss)
    mem2base                                 0x68000000   Data       983040  malloc.o(.ARM.__AT_0x68000000)
    mem2mapbase                              0x680f0000   Data       61440  malloc.o(.ARM.__AT_0x680F0000)



==============================================================================

Memory Map of the image

  Image Entry point : 0x08000351

  Load Region LR_1 (Base: 0x08000000, Size: 0x00011808, Max: 0xffffffff, ABSOLUTE, COMPRESSED[0x000115f8])

    Execution Region ER_RO (Base: 0x08000000, Size: 0x00011504, Max: 0xffffffff, ABSOLUTE)

    Base Addr    Size         Type   Attr      Idx    E Section Name        Object

    0x08000000   0x00000130   Data   RO         1714    RESET               startup_stm32f10x_hd.o
    0x08000130   0x00000008   Code   RO         5569  * !!!main             c_w.l(__main.o)
    0x08000138   0x00000034   Code   RO         5938    !!!scatter          c_w.l(__scatter.o)
    0x0800016c   0x0000005a   Code   RO         5936    !!dczerorl2         c_w.l(__dczerorl2.o)
    0x080001c6   0x00000002   PAD
    0x080001c8   0x0000001c   Code   RO         5940    !!handler_zi        c_w.l(__scatter_zi.o)
    0x080001e4   0x00000000   Code   RO         5550    .ARM.Collect$$_printf_percent$$00000000  c_w.l(_printf_percent.o)
    0x080001e4   0x00000006   Code   RO         5675    .ARM.Collect$$_printf_percent$$00000001  c_w.l(_printf_n.o)
    0x080001ea   0x00000006   Code   RO         5676    .ARM.Collect$$_printf_percent$$00000002  c_w.l(_printf_p.o)
    0x080001f0   0x00000006   Code   RO         5679    .ARM.Collect$$_printf_percent$$00000003  c_w.l(_printf_f.o)
    0x080001f6   0x00000006   Code   RO         5680    .ARM.Collect$$_printf_percent$$00000004  c_w.l(_printf_e.o)
    0x080001fc   0x00000006   Code   RO         5681    .ARM.Collect$$_printf_percent$$00000005  c_w.l(_printf_g.o)
    0x08000202   0x00000006   Code   RO         5682    .ARM.Collect$$_printf_percent$$00000006  c_w.l(_printf_a.o)
    0x08000208   0x0000000a   Code   RO         5687    .ARM.Collect$$_printf_percent$$00000007  c_w.l(_printf_ll.o)
    0x08000212   0x00000006   Code   RO         5678    .ARM.Collect$$_printf_percent$$00000008  c_w.l(_printf_i.o)
    0x08000218   0x00000006   Code   RO         5548    .ARM.Collect$$_printf_percent$$00000009  c_w.l(_printf_d.o)
    0x0800021e   0x00000006   Code   RO         5549    .ARM.Collect$$_printf_percent$$0000000A  c_w.l(_printf_u.o)
    0x08000224   0x00000006   Code   RO         5677    .ARM.Collect$$_printf_percent$$0000000B  c_w.l(_printf_o.o)
    0x0800022a   0x00000006   Code   RO         5547    .ARM.Collect$$_printf_percent$$0000000C  c_w.l(_printf_x.o)
    0x08000230   0x00000006   Code   RO         5684    .ARM.Collect$$_printf_percent$$0000000D  c_w.l(_printf_lli.o)
    0x08000236   0x00000006   Code   RO         5685    .ARM.Collect$$_printf_percent$$0000000E  c_w.l(_printf_lld.o)
    0x0800023c   0x00000006   Code   RO         5686    .ARM.Collect$$_printf_percent$$0000000F  c_w.l(_printf_llu.o)
    0x08000242   0x00000006   Code   RO         5691    .ARM.Collect$$_printf_percent$$00000010  c_w.l(_printf_llo.o)
    0x08000248   0x00000006   Code   RO         5692    .ARM.Collect$$_printf_percent$$00000011  c_w.l(_printf_llx.o)
    0x0800024e   0x0000000a   Code   RO         5688    .ARM.Collect$$_printf_percent$$00000012  c_w.l(_printf_l.o)
    0x08000258   0x00000006   Code   RO         5545    .ARM.Collect$$_printf_percent$$00000013  c_w.l(_printf_c.o)
    0x0800025e   0x00000006   Code   RO         5546    .ARM.Collect$$_printf_percent$$00000014  c_w.l(_printf_s.o)
    0x08000264   0x00000006   Code   RO         5689    .ARM.Collect$$_printf_percent$$00000015  c_w.l(_printf_lc.o)
    0x0800026a   0x00000006   Code   RO         5690    .ARM.Collect$$_printf_percent$$00000016  c_w.l(_printf_ls.o)
    0x08000270   0x00000004   Code   RO         5683    .ARM.Collect$$_printf_percent$$00000017  c_w.l(_printf_percent_end.o)
    0x08000274   0x00000002   Code   RO         5803    .ARM.Collect$$libinit$$00000000  c_w.l(libinit.o)
    0x08000276   0x00000000   Code   RO         5818    .ARM.Collect$$libinit$$00000002  c_w.l(libinit2.o)
    0x08000276   0x00000000   Code   RO         5820    .ARM.Collect$$libinit$$00000004  c_w.l(libinit2.o)
    0x08000276   0x00000000   Code   RO         5823    .ARM.Collect$$libinit$$0000000A  c_w.l(libinit2.o)
    0x08000276   0x00000000   Code   RO         5825    .ARM.Collect$$libinit$$0000000C  c_w.l(libinit2.o)
    0x08000276   0x00000000   Code   RO         5827    .ARM.Collect$$libinit$$0000000E  c_w.l(libinit2.o)
    0x08000276   0x00000006   Code   RO         5828    .ARM.Collect$$libinit$$0000000F  c_w.l(libinit2.o)
    0x0800027c   0x00000000   Code   RO         5830    .ARM.Collect$$libinit$$00000011  c_w.l(libinit2.o)
    0x0800027c   0x0000000c   Code   RO         5831    .ARM.Collect$$libinit$$00000012  c_w.l(libinit2.o)
    0x08000288   0x00000000   Code   RO         5832    .ARM.Collect$$libinit$$00000013  c_w.l(libinit2.o)
    0x08000288   0x00000000   Code   RO         5834    .ARM.Collect$$libinit$$00000015  c_w.l(libinit2.o)
    0x08000288   0x0000000a   Code   RO         5835    .ARM.Collect$$libinit$$00000016  c_w.l(libinit2.o)
    0x08000292   0x00000000   Code   RO         5836    .ARM.Collect$$libinit$$00000017  c_w.l(libinit2.o)
    0x08000292   0x00000000   Code   RO         5838    .ARM.Collect$$libinit$$00000019  c_w.l(libinit2.o)
    0x08000292   0x00000000   Code   RO         5840    .ARM.Collect$$libinit$$0000001B  c_w.l(libinit2.o)
    0x08000292   0x00000000   Code   RO         5842    .ARM.Collect$$libinit$$0000001D  c_w.l(libinit2.o)
    0x08000292   0x00000000   Code   RO         5844    .ARM.Collect$$libinit$$0000001F  c_w.l(libinit2.o)
    0x08000292   0x00000000   Code   RO         5846    .ARM.Collect$$libinit$$00000021  c_w.l(libinit2.o)
    0x08000292   0x00000000   Code   RO         5848    .ARM.Collect$$libinit$$00000023  c_w.l(libinit2.o)
    0x08000292   0x00000000   Code   RO         5850    .ARM.Collect$$libinit$$00000025  c_w.l(libinit2.o)
    0x08000292   0x00000000   Code   RO         5854    .ARM.Collect$$libinit$$0000002C  c_w.l(libinit2.o)
    0x08000292   0x00000000   Code   RO         5856    .ARM.Collect$$libinit$$0000002E  c_w.l(libinit2.o)
    0x08000292   0x00000000   Code   RO         5858    .ARM.Collect$$libinit$$00000030  c_w.l(libinit2.o)
    0x08000292   0x00000000   Code   RO         5860    .ARM.Collect$$libinit$$00000032  c_w.l(libinit2.o)
    0x08000292   0x00000002   Code   RO         5861    .ARM.Collect$$libinit$$00000033  c_w.l(libinit2.o)
    0x08000294   0x00000002   Code   RO         5889    .ARM.Collect$$libshutdown$$00000000  c_w.l(libshutdown.o)
    0x08000296   0x00000000   Code   RO         5904    .ARM.Collect$$libshutdown$$00000003  c_w.l(libshutdown2.o)
    0x08000296   0x00000000   Code   RO         5907    .ARM.Collect$$libshutdown$$00000006  c_w.l(libshutdown2.o)
    0x08000296   0x00000000   Code   RO         5910    .ARM.Collect$$libshutdown$$00000009  c_w.l(libshutdown2.o)
    0x08000296   0x00000000   Code   RO         5912    .ARM.Collect$$libshutdown$$0000000B  c_w.l(libshutdown2.o)
    0x08000296   0x00000000   Code   RO         5915    .ARM.Collect$$libshutdown$$0000000E  c_w.l(libshutdown2.o)
    0x08000296   0x00000002   Code   RO         5916    .ARM.Collect$$libshutdown$$0000000F  c_w.l(libshutdown2.o)
    0x08000298   0x00000000   Code   RO         5645    .ARM.Collect$$rtentry$$00000000  c_w.l(__rtentry.o)
    0x08000298   0x00000000   Code   RO         5715    .ARM.Collect$$rtentry$$00000002  c_w.l(__rtentry2.o)
    0x08000298   0x00000006   Code   RO         5727    .ARM.Collect$$rtentry$$00000004  c_w.l(__rtentry4.o)
    0x0800029e   0x00000000   Code   RO         5717    .ARM.Collect$$rtentry$$00000009  c_w.l(__rtentry2.o)
    0x0800029e   0x00000004   Code   RO         5718    .ARM.Collect$$rtentry$$0000000A  c_w.l(__rtentry2.o)
    0x080002a2   0x00000000   Code   RO         5720    .ARM.Collect$$rtentry$$0000000C  c_w.l(__rtentry2.o)
    0x080002a2   0x00000008   Code   RO         5721    .ARM.Collect$$rtentry$$0000000D  c_w.l(__rtentry2.o)
    0x080002aa   0x00000002   Code   RO         5808    .ARM.Collect$$rtexit$$00000000  c_w.l(rtexit.o)
    0x080002ac   0x00000000   Code   RO         5863    .ARM.Collect$$rtexit$$00000002  c_w.l(rtexit2.o)
    0x080002ac   0x00000004   Code   RO         5864    .ARM.Collect$$rtexit$$00000003  c_w.l(rtexit2.o)
    0x080002b0   0x00000006   Code   RO         5865    .ARM.Collect$$rtexit$$00000004  c_w.l(rtexit2.o)
    0x080002b6   0x00000002   PAD
    0x080002b8   0x00000096   Code   RO         4270    .emb_text           port.o
    0x0800034e   0x00000002   PAD
    0x08000350   0x00000040   Code   RO         1715  * .text               startup_stm32f10x_hd.o
    0x08000390   0x00000002   Code   RO         5482    .text               c_w.l(use_no_semi_2.o)
    0x08000392   0x00000002   PAD
    0x08000394   0x00000024   Code   RO         5486    .text               c_w.l(c89vsprintf.o)
    0x080003b8   0x00000018   Code   RO         5488    .text               c_w.l(__2printf.o)
    0x080003d0   0x0000002c   Code   RO         5490    .text               c_w.l(__2sprintf.o)
    0x080003fc   0x0000004e   Code   RO         5498    .text               c_w.l(_printf_pad.o)
    0x0800044a   0x00000052   Code   RO         5500    .text               c_w.l(_printf_str.o)
    0x0800049c   0x00000078   Code   RO         5502    .text               c_w.l(_printf_dec.o)
    0x08000514   0x00000094   Code   RO         5522    .text               c_w.l(_printf_hex_int_ll_ptr.o)
    0x080005a8   0x00000188   Code   RO         5542    .text               c_w.l(__printf_flags_ss_wp.o)
    0x08000730   0x00000024   Code   RO         5551    .text               c_w.l(strstr.o)
    0x08000754   0x0000003e   Code   RO         5555    .text               c_w.l(strlen.o)
    0x08000792   0x0000008a   Code   RO         5559    .text               c_w.l(rt_memcpy_v6.o)
    0x0800081c   0x00000010   Code   RO         5561    .text               c_w.l(aeabi_memset.o)
    0x0800082c   0x00000044   Code   RO         5563    .text               c_w.l(rt_memclr.o)
    0x08000870   0x00000080   Code   RO         5565    .text               c_w.l(strcmpv7m.o)
    0x080008f0   0x00000006   Code   RO         5567    .text               c_w.l(heapauxi.o)
    0x080008f6   0x00000002   Code   RO         5643    .text               c_w.l(use_no_semi.o)
    0x080008f8   0x00000016   Code   RO         5648    .text               c_w.l(_rserrno.o)
    0x0800090e   0x00000024   Code   RO         5650    .text               c_w.l(_printf_truncate.o)
    0x08000932   0x000000b2   Code   RO         5652    .text               c_w.l(_printf_intcommon.o)
    0x080009e4   0x00000028   Code   RO         5654    .text               c_w.l(_printf_charcount.o)
    0x08000a0c   0x00000030   Code   RO         5656    .text               c_w.l(_printf_char_common.o)
    0x08000a3c   0x0000000a   Code   RO         5658    .text               c_w.l(_sputc.o)
    0x08000a46   0x0000002c   Code   RO         5660    .text               c_w.l(_printf_char.o)
    0x08000a72   0x00000002   PAD
    0x08000a74   0x00000024   Code   RO         5662    .text               c_w.l(_printf_char_file.o)
    0x08000a98   0x000000bc   Code   RO         5664    .text               c_w.l(_printf_wctomb.o)
    0x08000b54   0x0000007c   Code   RO         5667    .text               c_w.l(_printf_longlong_dec.o)
    0x08000bd0   0x00000070   Code   RO         5673    .text               c_w.l(_printf_oct_int_ll.o)
    0x08000c40   0x00000064   Code   RO         5693    .text               c_w.l(rt_memcpy_w.o)
    0x08000ca4   0x0000004e   Code   RO         5695    .text               c_w.l(rt_memclr_w.o)
    0x08000cf2   0x00000002   PAD
    0x08000cf4   0x00000008   Code   RO         5736    .text               c_w.l(rt_errno_addr_intlibspace.o)
    0x08000cfc   0x0000008a   Code   RO         5738    .text               c_w.l(lludiv10.o)
    0x08000d86   0x0000041a   Code   RO         5740    .text               c_w.l(_printf_fp_dec.o)
    0x080011a0   0x0000002c   Code   RO         5744    .text               c_w.l(_printf_wchar.o)
    0x080011cc   0x00000008   Code   RO         5746    .text               c_w.l(ferror.o)
    0x080011d4   0x00000040   Code   RO         5750    .text               c_w.l(_wcrtomb.o)
    0x08001214   0x00000008   Code   RO         5752    .text               c_w.l(libspace.o)
    0x0800121c   0x0000004a   Code   RO         5755    .text               c_w.l(sys_stackheap_outer.o)
    0x08001266   0x00000002   PAD
    0x08001268   0x00000010   Code   RO         5757    .text               c_w.l(rt_ctype_table.o)
    0x08001278   0x00000008   Code   RO         5764    .text               c_w.l(rt_locale_intlibspace.o)
    0x08001280   0x00000080   Code   RO         5766    .text               c_w.l(_printf_fp_infnan.o)
    0x08001300   0x000000dc   Code   RO         5768    .text               c_w.l(bigflt0.o)
    0x080013dc   0x0000000c   Code   RO         5796    .text               c_w.l(exit.o)
    0x080013e8   0x0000003e   Code   RO         5771    CL$$btod_d2e        c_w.l(btod.o)
    0x08001426   0x00000046   Code   RO         5773    CL$$btod_d2e_denorm_low  c_w.l(btod.o)
    0x0800146c   0x00000060   Code   RO         5772    CL$$btod_d2e_norm_op1  c_w.l(btod.o)
    0x080014cc   0x00000338   Code   RO         5781    CL$$btod_div_common  c_w.l(btod.o)
    0x08001804   0x000000c6   Code   RO         5778    CL$$btod_e2e        c_w.l(btod.o)
    0x080018ca   0x00000028   Code   RO         5775    CL$$btod_ediv       c_w.l(btod.o)
    0x080018f2   0x00000028   Code   RO         5774    CL$$btod_emul       c_w.l(btod.o)
    0x0800191a   0x00000244   Code   RO         5780    CL$$btod_mult_common  c_w.l(btod.o)
    0x08001b5e   0x00000002   PAD
    0x08001b60   0x000000f0   Code   RO         1330    i.AS608_get_keynum  lcd.o
    0x08001c50   0x00000104   Code   RO         1331    i.AS608_key_staset  lcd.o
    0x08001d54   0x00000134   Code   RO         1332    i.AS608_load_keyboard  lcd.o
    0x08001e88   0x00000008   Code   RO          656    i.AT24CXX_Init      24cxx.o
    0x08001e90   0x00000022   Code   RO          657    i.AT24CXX_Read      24cxx.o
    0x08001eb2   0x00000058   Code   RO          659    i.AT24CXX_ReadOneByte  24cxx.o
    0x08001f0a   0x00000024   Code   RO          660    i.AT24CXX_Write     24cxx.o
    0x08001f2e   0x00000050   Code   RO          662    i.AT24CXX_WriteOneByte  24cxx.o
    0x08001f7e   0x00000002   PAD
    0x08001f80   0x00000038   Code   RO          419    i.BEEP_Init         beep.o
    0x08001fb8   0x00000004   Code   RO          283    i.BusFault_Handler  stm32f10x_it.o
    0x08001fbc   0x0000000a   Code   RO          769    i.CT_Delay          ctiic.o
    0x08001fc6   0x00000002   PAD
    0x08001fc8   0x00000054   Code   RO          770    i.CT_IIC_Ack        ctiic.o
    0x0800201c   0x00000050   Code   RO          771    i.CT_IIC_Init       ctiic.o
    0x0800206c   0x00000054   Code   RO          772    i.CT_IIC_NAck       ctiic.o
    0x080020c0   0x00000070   Code   RO          773    i.CT_IIC_Read_Byte  ctiic.o
    0x08002130   0x00000064   Code   RO          774    i.CT_IIC_Send_Byte  ctiic.o
    0x08002194   0x0000004c   Code   RO          775    i.CT_IIC_Start      ctiic.o
    0x080021e0   0x00000048   Code   RO          776    i.CT_IIC_Stop       ctiic.o
    0x08002228   0x00000064   Code   RO          777    i.CT_IIC_Wait_Ack   ctiic.o
    0x0800228c   0x0000006c   Code   RO         4396    i.CalulateCRC       rc522.o
    0x080022f8   0x0000001a   Code   RO         4397    i.ClearBitMask      rc522.o
    0x08002312   0x00000002   PAD
    0x08002314   0x00000060   Code   RO         1050    i.CmdResp1Error     sdio_sdcard.o
    0x08002374   0x00000002   Code   RO          284    i.DebugMon_Handler  stm32f10x_it.o
    0x08002376   0x00000002   PAD
    0x08002378   0x000000cc   Code   RO            1    i.ESP8266_task      main.o
    0x08002444   0x0000004c   Code   RO          450    i.EXTI4_IRQHandler  exti.o
    0x08002490   0x0000000c   Code   RO         2942    i.EXTI_ClearITPendingBit  stm32f10x_exti.o
    0x0800249c   0x00000034   Code   RO         2284    i.FSMC_NORSRAMCmd   stm32f10x_fsmc.o
    0x080024d0   0x000000e6   Code   RO         2286    i.FSMC_NORSRAMInit  stm32f10x_fsmc.o
    0x080025b6   0x00000002   PAD
    0x080025b8   0x000000f0   Code   RO          832    i.FT5206_Init       ft5206.o
    0x080026a8   0x00000058   Code   RO          833    i.FT5206_RD_Reg     ft5206.o
    0x08002700   0x0000019c   Code   RO          834    i.FT5206_Scan       ft5206.o
    0x0800289c   0x00000052   Code   RO          835    i.FT5206_WR_Reg     ft5206.o
    0x080028ee   0x00000002   PAD
    0x080028f0   0x000001e0   Code   RO         1333    i.GET_NUM           lcd.o
    0x08002ad0   0x00000116   Code   RO         1761    i.GPIO_Init         stm32f10x_gpio.o
    0x08002be6   0x00000002   PAD
    0x08002be8   0x00000090   Code   RO         1763    i.GPIO_PinRemapConfig  stm32f10x_gpio.o
    0x08002c78   0x00000012   Code   RO         1765    i.GPIO_ReadInputDataBit  stm32f10x_gpio.o
    0x08002c8a   0x00000004   Code   RO         1768    i.GPIO_ResetBits    stm32f10x_gpio.o
    0x08002c8e   0x00000004   Code   RO         1769    i.GPIO_SetBits      stm32f10x_gpio.o
    0x08002c92   0x00000002   PAD
    0x08002c94   0x00000140   Code   RO          866    i.GT9147_Init       gt9147.o
    0x08002dd4   0x00000062   Code   RO          867    i.GT9147_RD_Reg     gt9147.o
    0x08002e36   0x00000002   PAD
    0x08002e38   0x00000200   Code   RO          868    i.GT9147_Scan       gt9147.o
    0x08003038   0x0000005c   Code   RO          869    i.GT9147_Send_Cfg   gt9147.o
    0x08003094   0x0000005c   Code   RO          870    i.GT9147_WR_Reg     gt9147.o
    0x080030f0   0x000000e0   Code   RO         5425    i.Get_HzMat         text.o
    0x080031d0   0x00000004   Code   RO          285    i.HardFault_Handler  stm32f10x_it.o
    0x080031d4   0x00000050   Code   RO          715    i.IIC_Ack           myiic.o
    0x08003224   0x00000034   Code   RO          716    i.IIC_Init          myiic.o
    0x08003258   0x00000050   Code   RO          717    i.IIC_NAck          myiic.o
    0x080032a8   0x00000070   Code   RO          718    i.IIC_Read_Byte     myiic.o
    0x08003318   0x00000074   Code   RO          719    i.IIC_Send_Byte     myiic.o
    0x0800338c   0x0000004c   Code   RO          720    i.IIC_Start         myiic.o
    0x080033d8   0x0000004c   Code   RO          721    i.IIC_Stop          myiic.o
    0x08003424   0x00000064   Code   RO          722    i.IIC_Wait_Ack      myiic.o
    0x08003488   0x0000003c   Code   RO          431    i.KEY_Init          key.o
    0x080034c4   0x000000a4   Code   RO          432    i.KEY_Scan          key.o
    0x08003568   0x0000006c   Code   RO         1335    i.LCD_Clear         lcd.o
    0x080035d4   0x000001c0   Code   RO         1339    i.LCD_Display_Dir   lcd.o
    0x08003794   0x000000b0   Code   RO         1340    i.LCD_DrawLine      lcd.o
    0x08003844   0x00000024   Code   RO         1341    i.LCD_DrawPoint     lcd.o
    0x08003868   0x0000003c   Code   RO         1342    i.LCD_DrawRectangle  lcd.o
    0x080038a4   0x00000098   Code   RO         1343    i.LCD_Draw_Circle   lcd.o
    0x0800393c   0x0000017c   Code   RO         1344    i.LCD_Fast_DrawPoint  lcd.o
    0x08003ab8   0x000000bc   Code   RO         1345    i.LCD_Fill          lcd.o
    0x08003b74   0x00003774   Code   RO         1346    i.LCD_Init          lcd.o
    0x080072e8   0x00000016   Code   RO         1347    i.LCD_Pow           lcd.o
    0x080072fe   0x00000002   PAD
    0x08007300   0x00000014   Code   RO         1348    i.LCD_RD_DATA       lcd.o
    0x08007314   0x00000016   Code   RO         1350    i.LCD_ReadReg       lcd.o
    0x0800732a   0x00000002   PAD
    0x0800732c   0x00000054   Code   RO         1351    i.LCD_SSD_BackLightSet  lcd.o
    0x08007380   0x000002ec   Code   RO         1352    i.LCD_Scan_Dir      lcd.o
    0x0800766c   0x000001a8   Code   RO         1353    i.LCD_SetCursor     lcd.o
    0x08007814   0x00000128   Code   RO         1355    i.LCD_ShowChar      lcd.o
    0x0800793c   0x00000094   Code   RO         1356    i.LCD_ShowNum       lcd.o
    0x080079d0   0x00000066   Code   RO         1357    i.LCD_ShowString    lcd.o
    0x08007a36   0x00000002   PAD
    0x08007a38   0x0000000c   Code   RO         1359    i.LCD_WR_DATA       lcd.o
    0x08007a44   0x0000000c   Code   RO         1360    i.LCD_WR_REG        lcd.o
    0x08007a50   0x00000014   Code   RO         1362    i.LCD_WriteRAM_Prepare  lcd.o
    0x08007a64   0x00000010   Code   RO         1363    i.LCD_WriteReg      lcd.o
    0x08007a74   0x00000158   Code   RO            2    i.LCD_task          main.o
    0x08007bcc   0x0000004c   Code   RO          388    i.LED_Init          led.o
    0x08007c18   0x00000054   Code   RO         4399    i.M500PcdConfigISOType  rc522.o
    0x08007c6c   0x00000004   Code   RO          286    i.MemManage_Handler  stm32f10x_it.o
    0x08007c70   0x00000002   Code   RO          287    i.NMI_Handler       stm32f10x_it.o
    0x08007c72   0x00000002   PAD
    0x08007c74   0x00000070   Code   RO         1719    i.NVIC_Init         misc.o
    0x08007ce4   0x00000014   Code   RO         1720    i.NVIC_PriorityGroupConfig  misc.o
    0x08007cf8   0x000000b4   Code   RO          910    i.OTT2001A_Init     ott2001a.o
    0x08007dac   0x00000062   Code   RO          911    i.OTT2001A_RD_Reg   ott2001a.o
    0x08007e0e   0x00000002   PAD
    0x08007e10   0x000001e0   Code   RO          912    i.OTT2001A_Scan     ott2001a.o
    0x08007ff0   0x0000001c   Code   RO          913    i.OTT2001A_SensorControl  ott2001a.o
    0x0800800c   0x0000005c   Code   RO          914    i.OTT2001A_WR_Reg   ott2001a.o
    0x08008068   0x0000001a   Code   RO         4401    i.PcdAntennaOn      rc522.o
    0x08008082   0x00000070   Code   RO         4402    i.PcdAnticoll       rc522.o
    0x080080f2   0x0000006e   Code   RO         4403    i.PcdAuthState      rc522.o
    0x08008160   0x00000132   Code   RO         4404    i.PcdComMF522       rc522.o
    0x08008292   0x00000054   Code   RO         4406    i.PcdRead           rc522.o
    0x080082e6   0x00000054   Code   RO         4407    i.PcdRequest        rc522.o
    0x0800833a   0x00000002   PAD
    0x0800833c   0x00000088   Code   RO         4408    i.PcdReset          rc522.o
    0x080083c4   0x000000b8   Code   RO         4411    i.RC522_Handel      rc522.o
    0x0800847c   0x00000030   Code   RO         4412    i.RC522_Init        rc522.o
    0x080084ac   0x00000020   Code   RO         1894    i.RCC_AHBPeriphClockCmd  stm32f10x_rcc.o
    0x080084cc   0x00000020   Code   RO         1895    i.RCC_APB1PeriphClockCmd  stm32f10x_rcc.o
    0x080084ec   0x00000020   Code   RO         1896    i.RCC_APB1PeriphResetCmd  stm32f10x_rcc.o
    0x0800850c   0x00000020   Code   RO         1897    i.RCC_APB2PeriphClockCmd  stm32f10x_rcc.o
    0x0800852c   0x00000020   Code   RO         1898    i.RCC_APB2PeriphResetCmd  stm32f10x_rcc.o
    0x0800854c   0x000000d4   Code   RO         1905    i.RCC_GetClocksFreq  stm32f10x_rcc.o
    0x08008620   0x00000110   Code   RO            3    i.RFID_task         main.o
    0x08008730   0x00000038   Code   RO         4413    i.ReadRawRC         rc522.o
    0x08008768   0x0000000c   Code   RO         3140    i.SDIO_ClearFlag    stm32f10x_sdio.o
    0x08008774   0x00000018   Code   RO         3152    i.SDIO_GetFlagStatus  stm32f10x_sdio.o
    0x0800878c   0x00000008   Code   RO         1059    i.SDIO_IRQHandler   sdio_sdcard.o
    0x08008794   0x0000002c   Code   RO         3160    i.SDIO_SendCommand  stm32f10x_sdio.o
    0x080087c0   0x0000013c   Code   RO         1068    i.SD_ProcessIRQSrc  sdio_sdcard.o
    0x080088fc   0x00000088   Code   RO            4    i.SG90_task         main.o
    0x08008984   0x000000a0   Code   RO         4414    i.SPI1_Init         rc522.o
    0x08008a24   0x00000054   Code   RO         1565    i.SPI2_ReadWriteByte  spi.o
    0x08008a78   0x00000012   Code   RO         3008    i.SPI_I2S_GetFlagStatus  stm32f10x_spi.o
    0x08008a8a   0x00000006   Code   RO         3011    i.SPI_I2S_ReceiveData  stm32f10x_spi.o
    0x08008a90   0x00000004   Code   RO         3012    i.SPI_I2S_SendData  stm32f10x_spi.o
    0x08008a94   0x00000054   Code   RO         4415    i.SPI_RC522_ReadByte  rc522.o
    0x08008ae8   0x0000005c   Code   RO         4416    i.SPI_RC522_SendByte  rc522.o
    0x08008b44   0x0000001a   Code   RO         4417    i.SetBitMask        rc522.o
    0x08008b5e   0x00000008   Code   RO          354    i.SetSysClock       system_stm32f10x.o
    0x08008b66   0x00000002   PAD
    0x08008b68   0x000000e0   Code   RO          355    i.SetSysClockTo72   system_stm32f10x.o
    0x08008c48   0x00000150   Code   RO         4418    i.ShowID            rc522.o
    0x08008d98   0x000000c8   Code   RO         5426    i.Show_Font         text.o
    0x08008e60   0x000000c2   Code   RO         5427    i.Show_Str          text.o
    0x08008f22   0x00000002   PAD
    0x08008f24   0x00000070   Code   RO         5428    i.Show_Str_Mid      text.o
    0x08008f94   0x00000028   Code   RO         1723    i.SysTick_CLKSourceConfig  misc.o
    0x08008fbc   0x00000010   Code   RO         1588    i.SysTick_Handler   delay.o
    0x08008fcc   0x00000060   Code   RO          357    i.SystemInit        system_stm32f10x.o
    0x0800902c   0x000000c0   Code   RO         5462    i.TIM2_PWM_Init     pwm.o
    0x080090ec   0x00000038   Code   RO         5219    i.TIM4_IRQHandler   usmart.o
    0x08009124   0x00000034   Code   RO          400    i.TIM7_IRQHandler   timer.o
    0x08009158   0x00000060   Code   RO          401    i.TIM7_Int_Init     timer.o
    0x080091b8   0x00000006   Code   RO         2403    i.TIM_ClearFlag     stm32f10x_tim.o
    0x080091be   0x00000006   Code   RO         2404    i.TIM_ClearITPendingBit  stm32f10x_tim.o
    0x080091c4   0x00000018   Code   RO         2409    i.TIM_Cmd           stm32f10x_tim.o
    0x080091dc   0x00000006   Code   RO         2428    i.TIM_GetCounter    stm32f10x_tim.o
    0x080091e2   0x00000012   Code   RO         2429    i.TIM_GetFlagStatus  stm32f10x_tim.o
    0x080091f4   0x00000022   Code   RO         2430    i.TIM_GetITStatus   stm32f10x_tim.o
    0x08009216   0x00000012   Code   RO         2434    i.TIM_ITConfig      stm32f10x_tim.o
    0x08009228   0x00000098   Code   RO         2438    i.TIM_OC1Init       stm32f10x_tim.o
    0x080092c0   0x00000012   Code   RO         2441    i.TIM_OC1PreloadConfig  stm32f10x_tim.o
    0x080092d2   0x00000002   PAD
    0x080092d4   0x000000a4   Code   RO         2443    i.TIM_OC2Init       stm32f10x_tim.o
    0x08009378   0x0000001a   Code   RO         2446    i.TIM_OC2PreloadConfig  stm32f10x_tim.o
    0x08009392   0x00000002   PAD
    0x08009394   0x000000a0   Code   RO         2448    i.TIM_OC3Init       stm32f10x_tim.o
    0x08009434   0x00000012   Code   RO         2451    i.TIM_OC3PreloadConfig  stm32f10x_tim.o
    0x08009446   0x00000002   PAD
    0x08009448   0x0000007c   Code   RO         2453    i.TIM_OC4Init       stm32f10x_tim.o
    0x080094c4   0x0000001a   Code   RO         2455    i.TIM_OC4PreloadConfig  stm32f10x_tim.o
    0x080094de   0x00000004   Code   RO         2468    i.TIM_SetAutoreload  stm32f10x_tim.o
    0x080094e2   0x00000004   Code   RO         2470    i.TIM_SetCompare1   stm32f10x_tim.o
    0x080094e6   0x00000004   Code   RO         2474    i.TIM_SetCounter    stm32f10x_tim.o
    0x080094ea   0x00000002   PAD
    0x080094ec   0x000000a4   Code   RO         2480    i.TIM_TimeBaseInit  stm32f10x_tim.o
    0x08009590   0x000001a8   Code   RO          950    i.TP_Adj_Info_Show  touch.o
    0x08009738   0x0000085c   Code   RO          951    i.TP_Adjust         touch.o
    0x08009f94   0x00000070   Code   RO          953    i.TP_Drow_Touch_Point  touch.o
    0x0800a004   0x00000050   Code   RO          954    i.TP_Get_Adjdata    touch.o
    0x0800a054   0x00000168   Code   RO          955    i.TP_Init           touch.o
    0x0800a1bc   0x00000094   Code   RO          956    i.TP_Read_AD        touch.o
    0x0800a250   0x00000078   Code   RO          957    i.TP_Read_XOY       touch.o
    0x0800a2c8   0x00000030   Code   RO          958    i.TP_Read_XY        touch.o
    0x0800a2f8   0x000000c0   Code   RO          959    i.TP_Read_XY2       touch.o
    0x0800a3b8   0x0000001c   Code   RO          960    i.TP_Save_Adjdata   touch.o
    0x0800a3d4   0x00000110   Code   RO          961    i.TP_Scan           touch.o
    0x0800a4e4   0x0000004c   Code   RO          962    i.TP_Write_Byte     touch.o
    0x0800a530   0x0000005c   Code   RO         5220    i.Timer4_Init       usmart.o
    0x0800a58c   0x00000088   Code   RO         1655    i.USART1_IRQHandler  usart.o
    0x0800a614   0x00000070   Code   RO         4577    i.USART3_IRQHandler  usart3.o
    0x0800a684   0x00000018   Code   RO         2097    i.USART_Cmd         stm32f10x_usart.o
    0x0800a69c   0x0000009c   Code   RO         2099    i.USART_DeInit      stm32f10x_usart.o
    0x0800a738   0x0000001a   Code   RO         2100    i.USART_GetFlagStatus  stm32f10x_usart.o
    0x0800a752   0x00000054   Code   RO         2101    i.USART_GetITStatus  stm32f10x_usart.o
    0x0800a7a6   0x0000004a   Code   RO         2103    i.USART_ITConfig    stm32f10x_usart.o
    0x0800a7f0   0x000000d8   Code   RO         2104    i.USART_Init        stm32f10x_usart.o
    0x0800a8c8   0x0000000a   Code   RO         2111    i.USART_ReceiveData  stm32f10x_usart.o
    0x0800a8d2   0x00000008   Code   RO         2114    i.USART_SendData    stm32f10x_usart.o
    0x0800a8da   0x00000004   Code   RO          288    i.UsageFault_Handler  stm32f10x_it.o
    0x0800a8de   0x00000002   PAD
    0x0800a8e0   0x00000050   Code   RO          553    i.W25QXX_Read       w25qxx.o
    0x0800a930   0x00000034   Code   RO         4419    i.WriteRawRC        rc522.o
    0x0800a964   0x00000028   Code   RO         5806    i.__ARM_fpclassify  m_ws.l(fpclassify.o)
    0x0800a98c   0x0000000e   Code   RO         5535    i._is_digit         c_w.l(__printf_wp.o)
    0x0800a99a   0x00000004   Code   RO         1656    i._sys_exit         usart.o
    0x0800a99e   0x00000002   PAD
    0x0800a9a0   0x00000044   Code   RO         1589    i.delay_init        delay.o
    0x0800a9e4   0x00000040   Code   RO         1590    i.delay_ms          delay.o
    0x0800aa24   0x00000048   Code   RO         1591    i.delay_us          delay.o
    0x0800aa6c   0x00000018   Code   RO         1592    i.delay_xms         delay.o
    0x0800aa84   0x00000034   Code   RO         4553    i.esp8266_check_cmd  esp8266.o
    0x0800aab8   0x00000074   Code   RO         4554    i.esp8266_send_cmd  esp8266.o
    0x0800ab2c   0x000000ec   Code   RO         4555    i.esp8266_start_trans  esp8266.o
    0x0800ac18   0x0000001c   Code   RO         1657    i.fputc             usart.o
    0x0800ac34   0x00000130   Code   RO            5    i.main              main.o
    0x0800ad64   0x00000098   Code   RO         3780    i.prvAddCurrentTaskToDelayedList  tasks.o
    0x0800adfc   0x000000b8   Code   RO         3781    i.prvAddNewTaskToReadyList  tasks.o
    0x0800aeb4   0x00000064   Code   RO         4140    i.prvCheckForValidListAndQueue  timers.o
    0x0800af18   0x00000064   Code   RO         3782    i.prvCheckTasksWaitingTermination  tasks.o
    0x0800af7c   0x0000002a   Code   RO         3547    i.prvCopyDataFromQueue  queue.o
    0x0800afa6   0x0000007c   Code   RO         3548    i.prvCopyDataToQueue  queue.o
    0x0800b022   0x00000012   Code   RO         3783    i.prvDeleteTCB      tasks.o
    0x0800b034   0x00000028   Code   RO         4141    i.prvGetNextExpireTime  timers.o
    0x0800b05c   0x0000007c   Code   RO         4347    i.prvHeapInit       heap_4.o
    0x0800b0d8   0x00000028   Code   RO         3784    i.prvIdleTask       tasks.o
    0x0800b100   0x0000002e   Code   RO         3550    i.prvInitialiseNewQueue  queue.o
    0x0800b12e   0x00000002   PAD
    0x0800b130   0x000000d0   Code   RO         3785    i.prvInitialiseNewTask  tasks.o
    0x0800b200   0x00000068   Code   RO         3786    i.prvInitialiseTaskLists  tasks.o
    0x0800b268   0x00000068   Code   RO         4348    i.prvInsertBlockIntoFreeList  heap_4.o
    0x0800b2d0   0x00000058   Code   RO         4143    i.prvInsertTimerInActiveList  timers.o
    0x0800b328   0x0000001a   Code   RO         3551    i.prvIsQueueEmpty   queue.o
    0x0800b342   0x0000001e   Code   RO         3552    i.prvIsQueueFull    queue.o
    0x0800b360   0x000000a0   Code   RO         3553    i.prvNotifyQueueSetContainer  queue.o
    0x0800b400   0x00000080   Code   RO         4144    i.prvProcessExpiredTimer  timers.o
    0x0800b480   0x0000012c   Code   RO         4145    i.prvProcessReceivedCommands  timers.o
    0x0800b5ac   0x00000074   Code   RO         4146    i.prvProcessTimerOrBlockTask  timers.o
    0x0800b620   0x00000034   Code   RO         3788    i.prvResetNextTaskUnblockTime  tasks.o
    0x0800b654   0x0000002c   Code   RO         4147    i.prvSampleTimeNow  timers.o
    0x0800b680   0x000000bc   Code   RO         4148    i.prvSwitchTimerLists  timers.o
    0x0800b73c   0x00000070   Code   RO         4271    i.prvTaskExitError  port.o
    0x0800b7ac   0x0000001e   Code   RO         3406    i.prvTestWaitCondition  event_groups.o
    0x0800b7ca   0x0000001a   Code   RO         4149    i.prvTimerTask      timers.o
    0x0800b7e4   0x00000092   Code   RO         3554    i.prvUnlockQueue    queue.o
    0x0800b876   0x00000002   PAD
    0x0800b878   0x00000154   Code   RO         4349    i.pvPortMalloc      heap_4.o
    0x0800b9cc   0x00000020   Code   RO         3792    i.pvTaskIncrementMutexHeldCount  tasks.o
    0x0800b9ec   0x00000024   Code   RO         4272    i.pxPortInitialiseStack  port.o
    0x0800ba10   0x00000006   Code   RO         5221    i.read_addr         usmart.o
    0x0800ba16   0x00000002   PAD
    0x0800ba18   0x0000005c   Code   RO         5463    i.set_Angle         pwm.o
    0x0800ba74   0x0000004c   Code   RO         5636    i.sqrt              m_ws.l(sqrt.o)
    0x0800bac0   0x000001a8   Code   RO            6    i.start_task        main.o
    0x0800bc68   0x00000050   Code   RO         4578    i.u3_printf         usart3.o
    0x0800bcb8   0x000000a4   Code   RO         1658    i.uart_init         usart.o
    0x0800bd5c   0x000000d0   Code   RO         4579    i.usart3_init       usart3.o
    0x0800be2c   0x000000b0   Code   RO         5222    i.usmart_cmd_rec    usmart.o
    0x0800bedc   0x000002d4   Code   RO         5223    i.usmart_exe        usmart.o
    0x0800c1b0   0x000000c8   Code   RO         5308    i.usmart_get_aparm  usmart_str.o
    0x0800c278   0x00000036   Code   RO         5309    i.usmart_get_cmdname  usmart_str.o
    0x0800c2ae   0x00000002   PAD
    0x0800c2b0   0x000001c0   Code   RO         5310    i.usmart_get_fname  usmart_str.o
    0x0800c470   0x0000010c   Code   RO         5311    i.usmart_get_fparam  usmart_str.o
    0x0800c57c   0x00000020   Code   RO         5312    i.usmart_get_parmpos  usmart_str.o
    0x0800c59c   0x00000044   Code   RO         5224    i.usmart_get_runtime  usmart.o
    0x0800c5e0   0x00000028   Code   RO         5225    i.usmart_init       usmart.o
    0x0800c608   0x00000016   Code   RO         5313    i.usmart_pow        usmart_str.o
    0x0800c61e   0x00000002   PAD
    0x0800c620   0x00000030   Code   RO         5226    i.usmart_reset_runtime  usmart.o
    0x0800c650   0x000000bc   Code   RO         5227    i.usmart_scan       usmart.o
    0x0800c70c   0x00000016   Code   RO         5314    i.usmart_search_nextc  usmart_str.o
    0x0800c722   0x000000ca   Code   RO         5315    i.usmart_str2num    usmart_str.o
    0x0800c7ec   0x00000022   Code   RO         5316    i.usmart_strcmp     usmart_str.o
    0x0800c80e   0x00000016   Code   RO         5317    i.usmart_strcopy    usmart_str.o
    0x0800c824   0x00000018   Code   RO         5318    i.usmart_strlen     usmart_str.o
    0x0800c83c   0x000006e4   Code   RO         5228    i.usmart_sys_cmd_exe  usmart.o
    0x0800cf20   0x00000028   Code   RO         3510    i.uxListRemove      list.o
    0x0800cf48   0x0000001c   Code   RO         3799    i.uxTaskResetEventItemValue  tasks.o
    0x0800cf64   0x00000010   Code   RO         3410    i.vEventGroupSetBitsCallback  event_groups.o
    0x0800cf74   0x0000001a   Code   RO         3511    i.vListInitialise   list.o
    0x0800cf8e   0x00000006   Code   RO         3512    i.vListInitialiseItem  list.o
    0x0800cf94   0x00000034   Code   RO         3513    i.vListInsert       list.o
    0x0800cfc8   0x00000018   Code   RO         3514    i.vListInsertEnd    list.o
    0x0800cfe0   0x00000088   Code   RO         4274    i.vPortEnterCritical  port.o
    0x0800d068   0x00000070   Code   RO         4275    i.vPortExitCritical  port.o
    0x0800d0d8   0x000000b8   Code   RO         4350    i.vPortFree         heap_4.o
    0x0800d190   0x00000020   Code   RO         4276    i.vPortSetupTimerInterrupt  port.o
    0x0800d1b0   0x000000a0   Code   RO         4277    i.vPortValidateInterruptPriority  port.o
    0x0800d250   0x0000002c   Code   RO         3560    i.vQueueAddToRegistry  queue.o
    0x0800d27c   0x0000004a   Code   RO         3564    i.vQueueWaitForMessageRestricted  queue.o
    0x0800d2c6   0x00000002   PAD
    0x0800d2c8   0x00000074   Code   RO         3800    i.vTaskDelay        tasks.o
    0x0800d33c   0x0000010c   Code   RO         3802    i.vTaskDelete       tasks.o
    0x0800d448   0x0000000c   Code   RO         3806    i.vTaskMissedYield  tasks.o
    0x0800d454   0x00000054   Code   RO         3808    i.vTaskPlaceOnEventList  tasks.o
    0x0800d4a8   0x0000005c   Code   RO         3809    i.vTaskPlaceOnEventListRestricted  tasks.o
    0x0800d504   0x0000007c   Code   RO         3810    i.vTaskPlaceOnUnorderedEventList  tasks.o
    0x0800d580   0x000000b0   Code   RO         3811    i.vTaskPriorityInherit  tasks.o
    0x0800d630   0x0000004c   Code   RO         3815    i.vTaskSetTimeOutState  tasks.o
    0x0800d67c   0x000000ac   Code   RO         3816    i.vTaskStartScheduler  tasks.o
    0x0800d728   0x00000100   Code   RO         3817    i.vTaskSuspend      tasks.o
    0x0800d828   0x00000010   Code   RO         3818    i.vTaskSuspendAll   tasks.o
    0x0800d838   0x000000a8   Code   RO         3819    i.vTaskSwitchContext  tasks.o
    0x0800d8e0   0x00000004   Code   RO         5229    i.write_addr        usmart.o
    0x0800d8e4   0x0000001a   Code   RO         3413    i.xEventGroupCreate  event_groups.o
    0x0800d8fe   0x00000002   PAD
    0x0800d900   0x000000e8   Code   RO         3415    i.xEventGroupSetBits  event_groups.o
    0x0800d9e8   0x00000024   Code   RO         3416    i.xEventGroupSetBitsFromISR  event_groups.o
    0x0800da0c   0x00000158   Code   RO         3418    i.xEventGroupWaitBits  event_groups.o
    0x0800db64   0x000000a0   Code   RO         4278    i.xPortStartScheduler  port.o
    0x0800dc04   0x00000034   Code   RO         4279    i.xPortSysTickHandler  port.o
    0x0800dc38   0x00000074   Code   RO         3569    i.xQueueGenericCreate  queue.o
    0x0800dcac   0x000001c8   Code   RO         3570    i.xQueueGenericReceive  queue.o
    0x0800de74   0x000000b0   Code   RO         3571    i.xQueueGenericReset  queue.o
    0x0800df24   0x000001c4   Code   RO         3572    i.xQueueGenericSend  queue.o
    0x0800e0e8   0x00000110   Code   RO         3573    i.xQueueGenericSendFromISR  queue.o
    0x0800e1f8   0x000000a0   Code   RO         3820    i.xTaskCheckForTimeOut  tasks.o
    0x0800e298   0x00000060   Code   RO         3821    i.xTaskCreate       tasks.o
    0x0800e2f8   0x00000020   Code   RO         3825    i.xTaskGetSchedulerState  tasks.o
    0x0800e318   0x0000000c   Code   RO         3826    i.xTaskGetTickCount  tasks.o
    0x0800e324   0x00000160   Code   RO         3828    i.xTaskIncrementTick  tasks.o
    0x0800e484   0x000000d8   Code   RO         3831    i.xTaskPriorityDisinherit  tasks.o
    0x0800e55c   0x000000b4   Code   RO         3832    i.xTaskRemoveFromEventList  tasks.o
    0x0800e610   0x000000c0   Code   RO         3833    i.xTaskRemoveFromUnorderedEventList  tasks.o
    0x0800e6d0   0x00000120   Code   RO         3834    i.xTaskResumeAll    tasks.o
    0x0800e7f0   0x00000074   Code   RO         4153    i.xTimerCreateTimerTask  timers.o
    0x0800e864   0x000000a4   Code   RO         4154    i.xTimerGenericCommand  timers.o
    0x0800e908   0x00000034   Code   RO         4160    i.xTimerPendFunctionCallFromISR  timers.o
    0x0800e93c   0x0000002c   Code   RO         5794    locale$$code        c_w.l(lc_numeric_c.o)
    0x0800e968   0x0000002c   Code   RO         5811    locale$$code        c_w.l(lc_ctype_c.o)
    0x0800e994   0x00000150   Code   RO         5571    x$fpl$dadd          fz_ws.l(daddsub_clz.o)
    0x0800eae4   0x00000018   Code   RO         5697    x$fpl$dcmpinf       fz_ws.l(dcmpi.o)
    0x0800eafc   0x0000005a   Code   RO         5585    x$fpl$dfixu         fz_ws.l(dfixu.o)
    0x0800eb56   0x0000002e   Code   RO         5590    x$fpl$dflt          fz_ws.l(dflt_clz.o)
    0x0800eb84   0x00000026   Code   RO         5589    x$fpl$dfltu         fz_ws.l(dflt_clz.o)
    0x0800ebaa   0x00000002   PAD
    0x0800ebac   0x00000078   Code   RO         5595    x$fpl$dleqf         fz_ws.l(dleqf.o)
    0x0800ec24   0x00000154   Code   RO         5597    x$fpl$dmul          fz_ws.l(dmul.o)
    0x0800ed78   0x0000009c   Code   RO         5699    x$fpl$dnaninf       fz_ws.l(dnaninf.o)
    0x0800ee14   0x0000000c   Code   RO         5701    x$fpl$dretinf       fz_ws.l(dretinf.o)
    0x0800ee20   0x0000006c   Code   RO         5599    x$fpl$drleqf        fz_ws.l(drleqf.o)
    0x0800ee8c   0x00000016   Code   RO         5572    x$fpl$drsb          fz_ws.l(daddsub_clz.o)
    0x0800eea2   0x00000002   PAD
    0x0800eea4   0x000001cc   Code   RO         5703    x$fpl$dsqrt         fz_ws.l(dsqrt_noumaal.o)
    0x0800f070   0x000001d4   Code   RO         5573    x$fpl$dsub          fz_ws.l(daddsub_clz.o)
    0x0800f244   0x00000056   Code   RO         5601    x$fpl$f2d           fz_ws.l(f2d.o)
    0x0800f29a   0x00000002   PAD
    0x0800f29c   0x000000c4   Code   RO         5603    x$fpl$fadd          fz_ws.l(faddsub_clz.o)
    0x0800f360   0x00000018   Code   RO         5705    x$fpl$fcmpinf       fz_ws.l(fcmpi.o)
    0x0800f378   0x00000184   Code   RO         5610    x$fpl$fdiv          fz_ws.l(fdiv.o)
    0x0800f4fc   0x00000036   Code   RO         5615    x$fpl$ffix          fz_ws.l(ffix.o)
    0x0800f532   0x00000002   PAD
    0x0800f534   0x0000003e   Code   RO         5619    x$fpl$ffixu         fz_ws.l(ffixu.o)
    0x0800f572   0x00000002   PAD
    0x0800f574   0x00000030   Code   RO         5624    x$fpl$fflt          fz_ws.l(fflt_clz.o)
    0x0800f5a4   0x00000026   Code   RO         5623    x$fpl$ffltu         fz_ws.l(fflt_clz.o)
    0x0800f5ca   0x00000002   PAD
    0x0800f5cc   0x00000068   Code   RO         5629    x$fpl$fleqf         fz_ws.l(fleqf.o)
    0x0800f634   0x00000102   Code   RO         5631    x$fpl$fmul          fz_ws.l(fmul.o)
    0x0800f736   0x0000008c   Code   RO         5707    x$fpl$fnaninf       fz_ws.l(fnaninf.o)
    0x0800f7c2   0x0000000a   Code   RO         5709    x$fpl$fretinf       fz_ws.l(fretinf.o)
    0x0800f7cc   0x00000062   Code   RO         5633    x$fpl$frleqf        fz_ws.l(frleqf.o)
    0x0800f82e   0x00000002   PAD
    0x0800f830   0x000000ea   Code   RO         5605    x$fpl$fsub          fz_ws.l(faddsub_clz.o)
    0x0800f91a   0x00000004   Code   RO         5711    x$fpl$printf1       fz_ws.l(printf1.o)
    0x0800f91e   0x00000000   Code   RO         5713    x$fpl$usenofp       fz_ws.l(usenofp.o)
    0x0800f91e   0x0000000a   Data   RO          836    .constdata          ft5206.o
    0x0800f928   0x000000c2   Data   RO          871    .constdata          gt9147.o
    0x0800f9ea   0x0000000a   Data   RO          915    .constdata          ott2001a.o
    0x0800f9f4   0x00000004   Data   RO          963    .constdata          touch.o
    0x0800f9f8   0x000017c0   Data   RO         1366    .constdata          lcd.o
    0x080111b8   0x00000028   Data   RO         5523    .constdata          c_w.l(_printf_hex_int_ll_ptr.o)
    0x080111e0   0x00000011   Data   RO         5543    .constdata          c_w.l(__printf_flags_ss_wp.o)
    0x080111f1   0x00000003   PAD
    0x080111f4   0x00000008   Data   RO         5665    .constdata          c_w.l(_printf_wctomb.o)
    0x080111fc   0x00000094   Data   RO         5769    .constdata          c_w.l(bigflt0.o)
    0x08011290   0x00000046   Data   RO            7    .conststring        main.o
    0x080112d6   0x00000002   PAD
    0x080112d8   0x00000079   Data   RO          964    .conststring        touch.o
    0x08011351   0x00000003   PAD
    0x08011354   0x00000028   Data   RO         5230    .conststring        usmart.o
    0x0801137c   0x0000003c   Data   RO         5295    .conststring        usmart_config.o
    0x080113b8   0x00000020   Data   RO         5934    Region$$Table       anon$$obj.o
    0x080113d8   0x0000001c   Data   RO         5793    locale$$data        c_w.l(lc_numeric_c.o)
    0x080113f4   0x00000110   Data   RO         5810    locale$$data        c_w.l(lc_ctype_c.o)


    Execution Region ER_RW (Base: 0x20000000, Size: 0x00000304, Max: 0xffffffff, ABSOLUTE, COMPRESSED[0x000000f4])

    Base Addr    Size         Type   Attr      Idx    E Section Name        Object

    0x20000000   0x00000090   Data   RW            8    .data               main.o
    0x20000090   0x00000014   Data   RW          358    .data               system_stm32f10x.o
    0x200000a4   0x00000001   Data   RW          433    .data               key.o
    0x200000a5   0x00000001   Data   RW          837    .data               ft5206.o
    0x200000a6   0x00000001   Data   RW          872    .data               gt9147.o
    0x200000a7   0x00000001   Data   RW          916    .data               ott2001a.o
    0x200000a8   0x00000036   Data   RW          965    .data               touch.o
    0x200000de   0x00000002   PAD
    0x200000e0   0x00000010   Data   RW         1080    .data               sdio_sdcard.o
    0x200000f0   0x00000009   Data   RW         1367    .data               lcd.o
    0x200000f9   0x00000001   PAD
    0x200000fa   0x00000004   Data   RW         1593    .data               delay.o
    0x200000fe   0x00000002   PAD
    0x20000100   0x00000006   Data   RW         1660    .data               usart.o
    0x20000106   0x00000014   Data   RW         1925    .data               stm32f10x_rcc.o
    0x2000011a   0x00000002   PAD
    0x2000011c   0x0000003c   Data   RW         3837    .data               tasks.o
    0x20000158   0x00000014   Data   RW         4162    .data               timers.o
    0x2000016c   0x0000000c   Data   RW         4280    .data               port.o
    0x20000178   0x00000018   Data   RW         4355    .data               heap_4.o
    0x20000190   0x00000051   Data   RW         4421    .data               rc522.o
    0x200001e1   0x00000001   PAD
    0x200001e2   0x00000002   Data   RW         4581    .data               usart3.o
    0x200001e4   0x0000001c   Data   RW         5231    .data               usmart.o
    0x20000200   0x00000104   Data   RW         5296    .data               usmart_config.o


    Execution Region ER_ZI (Base: 0x20000304, Size: 0x0000635c, Max: 0xffffffff, ABSOLUTE)

    Base Addr    Size         Type   Attr      Idx    E Section Name        Object

    0x20000304   0x00000004   PAD
    0x20000308   0x000002c0   Zero   RW         1079    .bss                sdio_sdcard.o
    0x200005c8   0x0000000e   Zero   RW         1365    .bss                lcd.o
    0x200005d6   0x000000c8   Zero   RW         1659    .bss                usart.o
    0x2000069e   0x00000002   PAD
    0x200006a0   0x00000040   Zero   RW         3584    .bss                queue.o
    0x200006e0   0x000002e4   Zero   RW         3836    .bss                tasks.o
    0x200009c4   0x00000028   Zero   RW         4161    .bss                timers.o
    0x200009ec   0x00005000   Zero   RW         4354    .bss                heap_4.o
    0x200059ec   0x0000013f   Zero   RW         4420    .bss                rc522.o
    0x20005b2b   0x000004b0   Zero   RW         4580    .bss                usart3.o
    0x20005fdb   0x00000021   Zero   RW         5384    .bss                fontupd.o
    0x20005ffc   0x00000060   Zero   RW         5753    .bss                c_w.l(libspace.o)
    0x2000605c   0x00000004   PAD
    0x20006060   0x00000200   Zero   RW         1713    HEAP                startup_stm32f10x_hd.o
    0x20006260   0x00000400   Zero   RW         1712    STACK               startup_stm32f10x_hd.o



  Load Region LR$$.ARM.__AT_0x68000000 (Base: 0x68000000, Size: 0x00000000, Max: 0x000f0000, ABSOLUTE)

    Execution Region ER$$.ARM.__AT_0x68000000 (Base: 0x68000000, Size: 0x000f0000, Max: 0x000f0000, ABSOLUTE, UNINIT)

    Base Addr    Size         Type   Attr      Idx    E Section Name        Object

    0x68000000   0x000f0000   Zero   RW          488    .ARM.__AT_0x68000000  malloc.o



  Load Region LR$$.ARM.__AT_0x680F0000 (Base: 0x680f0000, Size: 0x00000000, Max: 0x0000f000, ABSOLUTE)

    Execution Region ER$$.ARM.__AT_0x680F0000 (Base: 0x680f0000, Size: 0x0000f000, Max: 0x0000f000, ABSOLUTE, UNINIT)

    Base Addr    Size         Type   Attr      Idx    E Section Name        Object

    0x680f0000   0x0000f000   Zero   RW          489    .ARM.__AT_0x680F0000  malloc.o


==============================================================================

Image component sizes


      Code (inc. data)   RO Data    RW Data    ZI Data      Debug   Object Name

       246          0          0          0          0       3387   24cxx.o
        56          6          0          0          0        516   beep.o
       718        128          0          0          0       5029   ctiic.o
       244         18          0          4          0       2993   delay.o
       404        170          0          0          0       2405   esp8266.o
       684        102          0          0          0      14056   event_groups.o
        76         14          0          0          0        571   exti.o
         0          0          0          0         33       4949   fontupd.o
       822         36         10          1          0       3693   ft5206.o
      1114         76        194          1          0       4590   gt9147.o
       752        176          0         24      20480       3951   heap_4.o
       224         22          0          1          0       1182   key.o
     18958        276       6080          9         14      29085   lcd.o
        76          8          0          0          0        523   led.o
       148          0          0          0          0       3150   list.o
      1684        660         70        144          0     298232   main.o
         0          0          0          0    1044480       1717   malloc.o
       172         22          0          0          0       2145   misc.o
       692        100          0          0          0       4466   myiic.o
       878         58         10          1          0       4243   ott2001a.o
       950        320          0         12          0      10425   port.o
       284         18          0          0          0       1324   pwm.o
      2164        238          0          0         64      12897   queue.o
      2114        160          0         81        319      14413   rc522.o
       420         26          0         16        704      11610   sdio_sdcard.o
        84          6          0          0          0        677   spi.o
        64         26        304          0       1536        820   startup_stm32f10x_hd.o
        12          6          0          0          0        545   stm32f10x_exti.o
       282          6          0          0          0       1881   stm32f10x_fsmc.o
       448          6          0          0          0       4602   stm32f10x_gpio.o
        20          0          0          0          0       2617   stm32f10x_it.o
       372         50          0         20          0       6328   stm32f10x_rcc.o
        80         16          0          0          0       3521   stm32f10x_sdio.o
        28          0          0          0          0       2781   stm32f10x_spi.o
       976         92          0          0          0      12450   stm32f10x_tim.o
       598         28          0          0          0       6916   stm32f10x_usart.o
         0          0          0          0          0         32   sys.o
       328         28          0         20          0       2197   system_stm32f10x.o
      4006       1054          0         60        740      31627   tasks.o
       730         20          0          0          0       4174   text.o
       148         16          0          0          0       1162   timer.o
      1362        316          0         20         40       9371   timers.o
      4000        268        125         54          0      12081   touch.o
       332         28          0          6        200       4296   usart.o
       400         42          0          2       1200       3366   usart3.o
      3166       1330         40         28          0       8166   usmart.o
         0          0         60        260          0       1636   usmart_config.o
      1328         20          0          0          0       8905   usmart_str.o
        80          6          0          0          0       1134   w25qxx.o

    ----------------------------------------------------------------------
     52786       5998       6930        772    1069816     572837   Object Totals
         0          0         32          0          0          0   (incl. Generated)
        62          0          5          8          6          0   (incl. Padding)

    ----------------------------------------------------------------------

      Code (inc. data)   RO Data    RW Data    ZI Data      Debug   Library Member Name

        24          4          0          0          0         84   __2printf.o
        44          6          0          0          0         84   __2sprintf.o
        90          0          0          0          0          0   __dczerorl2.o
         8          0          0          0          0         68   __main.o
       392          4         17          0          0         92   __printf_flags_ss_wp.o
        14          0          0          0          0         68   __printf_wp.o
         0          0          0          0          0          0   __rtentry.o
        12          0          0          0          0          0   __rtentry2.o
         6          0          0          0          0          0   __rtentry4.o
        52          8          0          0          0          0   __scatter.o
        28          0          0          0          0          0   __scatter_zi.o
         6          0          0          0          0          0   _printf_a.o
         6          0          0          0          0          0   _printf_c.o
        44          0          0          0          0        108   _printf_char.o
        48          6          0          0          0         96   _printf_char_common.o
        36          4          0          0          0         80   _printf_char_file.o
        40          0          0          0          0         68   _printf_charcount.o
         6          0          0          0          0          0   _printf_d.o
       120         16          0          0          0         92   _printf_dec.o
         6          0          0          0          0          0   _printf_e.o
         6          0          0          0          0          0   _printf_f.o
      1050          0          0          0          0        216   _printf_fp_dec.o
       128         16          0          0          0         84   _printf_fp_infnan.o
         6          0          0          0          0          0   _printf_g.o
       148          4         40          0          0        160   _printf_hex_int_ll_ptr.o
         6          0          0          0          0          0   _printf_i.o
       178          0          0          0          0         88   _printf_intcommon.o
        10          0          0          0          0          0   _printf_l.o
         6          0          0          0          0          0   _printf_lc.o
        10          0          0          0          0          0   _printf_ll.o
         6          0          0          0          0          0   _printf_lld.o
         6          0          0          0          0          0   _printf_lli.o
         6          0          0          0          0          0   _printf_llo.o
         6          0          0          0          0          0   _printf_llu.o
         6          0          0          0          0          0   _printf_llx.o
       124         16          0          0          0         92   _printf_longlong_dec.o
         6          0          0          0          0          0   _printf_ls.o
         6          0          0          0          0          0   _printf_n.o
         6          0          0          0          0          0   _printf_o.o
       112          8          0          0          0        124   _printf_oct_int_ll.o
         6          0          0          0          0          0   _printf_p.o
        78          0          0          0          0        108   _printf_pad.o
         0          0          0          0          0          0   _printf_percent.o
         4          0          0          0          0          0   _printf_percent_end.o
         6          0          0          0          0          0   _printf_s.o
        82          0          0          0          0         80   _printf_str.o
        36          0          0          0          0         84   _printf_truncate.o
         6          0          0          0          0          0   _printf_u.o
        44          0          0          0          0        108   _printf_wchar.o
       188          6          8          0          0         92   _printf_wctomb.o
         6          0          0          0          0          0   _printf_x.o
        22          0          0          0          0        100   _rserrno.o
        10          0          0          0          0         68   _sputc.o
        64          0          0          0          0         92   _wcrtomb.o
        16          0          0          0          0         68   aeabi_memset.o
       220          4        148          0          0         96   bigflt0.o
      1910        128          0          0          0        672   btod.o
        36          4          0          0          0         76   c89vsprintf.o
        12          0          0          0          0         72   exit.o
         8          0          0          0          0         68   ferror.o
         6          0          0          0          0        152   heapauxi.o
        44         10        272          0          0         76   lc_ctype_c.o
        44         10         28          0          0         76   lc_numeric_c.o
         2          0          0          0          0          0   libinit.o
        30          0          0          0          0          0   libinit2.o
         2          0          0          0          0          0   libshutdown.o
         2          0          0          0          0          0   libshutdown2.o
         8          4          0          0         96         68   libspace.o
       138          0          0          0          0         80   lludiv10.o
        16          4          0          0          0         76   rt_ctype_table.o
         8          4          0          0          0         68   rt_errno_addr_intlibspace.o
         8          4          0          0          0         68   rt_locale_intlibspace.o
        68          0          0          0          0         68   rt_memclr.o
        78          0          0          0          0         80   rt_memclr_w.o
       138          0          0          0          0         68   rt_memcpy_v6.o
       100          0          0          0          0         80   rt_memcpy_w.o
         2          0          0          0          0          0   rtexit.o
        10          0          0          0          0          0   rtexit2.o
       128          0          0          0          0         68   strcmpv7m.o
        62          0          0          0          0         76   strlen.o
        36          0          0          0          0         80   strstr.o
        74          0          0          0          0         80   sys_stackheap_outer.o
         2          0          0          0          0         68   use_no_semi.o
         2          0          0          0          0         68   use_no_semi_2.o
       826         16          0          0          0        348   daddsub_clz.o
        24          0          0          0          0         68   dcmpi.o
        90          4          0          0          0         92   dfixu.o
        84          0          0          0          0        136   dflt_clz.o
       120          4          0          0          0         92   dleqf.o
       340         12          0          0          0        104   dmul.o
       156          4          0          0          0         92   dnaninf.o
        12          0          0          0          0         68   dretinf.o
       108          0          0          0          0         80   drleqf.o
       460         56          0          0          0        120   dsqrt_noumaal.o
        86          4          0          0          0         84   f2d.o
       430          8          0          0          0        168   faddsub_clz.o
        24          0          0          0          0         68   fcmpi.o
       388         76          0          0          0         96   fdiv.o
        54          4          0          0          0         84   ffix.o
        62          4          0          0          0         84   ffixu.o
        86          0          0          0          0        136   fflt_clz.o
       104          4          0          0          0         84   fleqf.o
       258          4          0          0          0         84   fmul.o
       140          4          0          0          0         84   fnaninf.o
        10          0          0          0          0         68   fretinf.o
        98          0          0          0          0         68   frleqf.o
         4          0          0          0          0         68   printf1.o
         0          0          0          0          0          0   usenofp.o
        40          0          0          0          0         68   fpclassify.o
        76          0          0          0          0         84   sqrt.o

    ----------------------------------------------------------------------
     10684        474        516          0        100       7316   Library Totals
        28          0          3          0          4          0   (incl. Padding)

    ----------------------------------------------------------------------

      Code (inc. data)   RO Data    RW Data    ZI Data      Debug   Library Name

      6576        270        513          0         96       4788   c_w.l
      3964        204          0          0          0       2376   fz_ws.l
       116          0          0          0          0        152   m_ws.l

    ----------------------------------------------------------------------
     10684        474        516          0        100       7316   Library Totals

    ----------------------------------------------------------------------

==============================================================================


      Code (inc. data)   RO Data    RW Data    ZI Data      Debug   

     63470       6472       7446        772    1069916     560909   Grand Totals
     63470       6472       7446        244    1069916     560909   ELF Image Totals (compressed)
     63470       6472       7446        244          0          0   ROM Totals

==============================================================================

    Total RO  Size (Code + RO Data)                70916 (  69.25kB)
    Total RW  Size (RW Data + ZI Data)           1070688 (1045.59kB)
    Total ROM Size (Code + RO Data + RW Data)      71160 (  69.49kB)

==============================================================================

