<html>
<body>
<pre>
<h1>礦ision Build Log</h1>
<h2>Tool Versions:</h2>
IDE-Version: μVision V5.15
Copyright (C) 2015 ARM Ltd and ARM Germany GmbH. All rights reserved.
License Information: xuzhichao,  , LIC=JDALQ-NXCGZ-77DRP-M4KU9-NH0EK-D18BW
 
Tool Versions:
Toolchain:       MDK-ARM Professional  Version: 5.15.0
Toolchain Path:  D:\Keil_v5\ARM\ARMCC\Bin
C Compiler:      Armcc.exe V5.05 update 2 (build 169)
Assembler:       Armasm.exe V5.05 update 2 (build 169)
Linker/Locator:  ArmLink.exe V5.05 update 2 (build 169)
Library Manager: ArmAr.exe V5.05 update 2 (build 169)
Hex Converter:   FromElf.exe V5.05 update 2 (build 169)
CPU DLL:         SARMCM3.DLL V5.15.0
Dialog DLL:      DARMSTM.DLL V1.65.0.0
Target DLL:      STLink\ST-LINKIII-KEIL_SWO.dll V2.0.15.0_KEIL
Dialog DLL:      TARMSTM.DLL V1.64.0.0
 
<h2>Project:</h2>
C:\Users\xuzhichao\Desktop\2024届秋招\MyProject\2-门禁系统\1-MyAccessControl\USER\TaskCreat.uvprojx
Project File Date:  06/25/2023

<h2>Output:</h2>
*** Using Compiler 'V5.05 update 2 (build 169)', folder: 'D:\Keil_v5\ARM\ARMCC\Bin'
Build target 'TaskCreat'
compiling main.c...
compiling stm32f10x_it.c...
compiling system_stm32f10x.c...
compiling led.c...
compiling timer.c...
compiling beep.c...
compiling key.c...
compiling exti.c...
compiling malloc.c...
compiling w25qxx.c...
compiling 24cxx.c...
compiling myiic.c...
compiling ctiic.c...
compiling ft5206.c...
compiling gt9147.c...
compiling ott2001a.c...
compiling touch.c...
compiling sdio_sdcard.c...
compiling bjdj.c...
compiling lcd.c...
compiling spi.c...
compiling delay.c...
compiling sys.c...
compiling usart.c...
compiling core_cm3.c...
assembling startup_stm32f10x_hd.s...
compiling misc.c...
compiling stm32f10x_gpio.c...
compiling stm32f10x_dbgmcu.c...
compiling stm32f10x_rcc.c...
compiling stm32f10x_usart.c...
compiling stm32f10x_fsmc.c...
compiling stm32f10x_tim.c...
compiling stm32f10x_exti.c...
compiling stm32f10x_spi.c...
compiling stm32f10x_sdio.c...
compiling stm32f10x_dma.c...
compiling croutine.c...
compiling event_groups.c...
compiling list.c...
compiling queue.c...
compiling tasks.c...
compiling timers.c...
compiling port.c...
compiling heap_4.c...
compiling rc522.c...
..\HARDWARE\RC522\rc522.c(81): warning:  #111-D: statement is unreachable
          status =PcdSelect(SN);
..\HARDWARE\RC522\rc522.c(905): warning:  #167-D: argument of type "unsigned char *" is incompatible with parameter of type "const char *"
                if(strcmp(SN,"337849A0") == 0)
..\HARDWARE\RC522\rc522.c(916): warning:  #167-D: argument of type "unsigned char *" is incompatible with parameter of type "const char *"
                if(strcmp(SN,"337849A0") != 0)
..\HARDWARE\RC522\rc522.c: 3 warnings, 0 errors
compiling esp8266.c...
compiling usart3.c...
compiling exfuns.c...
compiling fattester.c...
compiling mycc936.c...
compiling diskio.c...
compiling ff.c...
compiling usmart.c...
compiling usmart_config.c...
compiling usmart_str.c...
compiling fontupd.c...
compiling text.c...
compiling pwm.c...
..\HARDWARE\PWM\pwm.c(66): warning:  #1-D: last line of file ends without a newline
  }
..\HARDWARE\PWM\pwm.c: 1 warning, 0 errors
linking...
Program Size: Code=63470 RO-data=7446 RW-data=772 ZI-data=1069916  
FromELF: creating hex file...
"..\OBJ\FreeRTOS.axf" - 0 Error(s), 4 Warning(s).

<h2>Collection of Component include folders:</h2>
  C:\Users\xuzhichao\Desktop\2024届秋招\MyProject\2-门禁系统\1-MyAccessControl\USER\RTE
  D:\Keil_v5\ARM\PACK\Keil\STM32F1xx_DFP\1.0.5\Device\Include

<h2>Collection of Component Files used:</h2>
</pre>
</body>
</html>
